Component: ARM Compiler 5.06 update 7 (build 960) Tool: armlink [4d3601]

==============================================================================

Section Cross References

    startup_cmt453x.o(RESET) refers to startup_cmt453x.o(STACK) for __initial_sp
    startup_cmt453x.o(RESET) refers to startup_cmt453x.o(.text) for Reset_Handler
    startup_cmt453x.o(RESET) refers to main.o(i.USART1_IRQHandler) for USART1_IRQHandler
    startup_cmt453x.o(.text) refers to system_cmt453x.o(i.SystemInit) for SystemInit
    startup_cmt453x.o(.text) refers to entry.o(.ARM.Collect$$$$00000000) for __main
    system_cmt453x.o(i.SystemCoreClockUpdate) refers to system_cmt453x.o(.data) for .data
    system_cmt453x.o(i.SystemGetMacAddr) refers to system_cmt453x.o(i.SystemTrimValueRead) for SystemTrimValueRead
    system_cmt453x.o(i.SystemGetMacAddr) refers to system_cmt453x.o(.bss) for .bss
    system_cmt453x.o(i.SystemGetUUID) refers to system_cmt453x.o(i.SystemTrimValueRead) for SystemTrimValueRead
    system_cmt453x.o(i.SystemGetUUID) refers to system_cmt453x.o(.bss) for .bss
    system_cmt453x.o(i.SystemInit) refers to system_cmt453x.o(i.SystemTrimValueRead) for SystemTrimValueRead
    system_cmt453x.o(i.SystemInit) refers to system_cmt453x.o(.emb_text) for system_delay_cycles
    system_cmt453x.o(i.SystemInit) refers to system_cmt453x.o(.bss) for .bss
    system_cmt453x.o(i.SystemTrimValueGet) refers to system_cmt453x.o(i.SystemTrimValueRead) for SystemTrimValueRead
    system_cmt453x.o(i.SystemTrimValueGet) refers to system_cmt453x.o(.bss) for .bss
    system_cmt453x.o(i.SystemTrimValueRead) refers to memcpya.o(.text) for __aeabi_memcpy
    system_cmt453x.o(i.SystemTrimValueRead) refers to system_cmt453x.o(.constdata) for .constdata
    system_cmt453x.o(i.system_delay_n_10us) refers to system_cmt453x.o(.emb_text) for system_delay_cycles
    cmt453x_gpio.o(i.GPIO_AFIOInitDefault) refers to cmt453x_rcc.o(i.RCC_EnableAPB2PeriphReset) for RCC_EnableAPB2PeriphReset
    cmt453x_gpio.o(i.GPIO_DeInit) refers to cmt453x_rcc.o(i.RCC_EnableAPB2PeriphReset) for RCC_EnableAPB2PeriphReset
    cmt453x_pwr.o(i.PWR_DeInit) refers to cmt453x_rcc.o(i.RCC_EnableAPB1PeriphReset) for RCC_EnableAPB1PeriphReset
    cmt453x_rcc.o(i.RCC_GetClocksFreqValue) refers to cmt453x_rcc.o(.constdata) for .constdata
    cmt453x_rcc.o(i.RCC_WaitHseStable) refers to cmt453x_rcc.o(i.RCC_GetFlagStatus) for RCC_GetFlagStatus
    cmt453x_rcc.o(i.RCC_WaitHsiStable) refers to cmt453x_rcc.o(i.RCC_GetFlagStatus) for RCC_GetFlagStatus
    cmt453x_usart.o(i.USART_DeInit) refers to cmt453x_rcc.o(i.RCC_EnableAPB2PeriphReset) for RCC_EnableAPB2PeriphReset
    cmt453x_usart.o(i.USART_DeInit) refers to cmt453x_rcc.o(i.RCC_EnableAPB1PeriphReset) for RCC_EnableAPB1PeriphReset
    cmt453x_usart.o(i.USART_Init) refers to cmt453x_rcc.o(i.RCC_GetClocksFreqValue) for RCC_GetClocksFreqValue
    cmt453x_usart.o(i.USART_Init) refers to uidiv.o(.text) for __aeabi_uidivmod
    cmt453x_qflash.o(i.OTPTrim_Erase) refers to memcpya.o(.text) for __aeabi_memcpy
    cmt453x_qflash.o(i.OTPTrim_Erase) refers to cmt453x_qflash.o(.constdata) for .constdata
    cmt453x_qflash.o(i.OTPTrim_Lock) refers to memcpya.o(.text) for __aeabi_memcpy
    cmt453x_qflash.o(i.OTPTrim_Lock) refers to cmt453x_qflash.o(.constdata) for .constdata
    cmt453x_qflash.o(i.OTPTrim_Read) refers to memcpya.o(.text) for __aeabi_memcpy
    cmt453x_qflash.o(i.OTPTrim_Read) refers to system_cmt453x.o(.constdata) for TRIM_READ_CMD_CODE
    cmt453x_qflash.o(i.OTPTrim_Write) refers to memcpya.o(.text) for __aeabi_memcpy
    cmt453x_qflash.o(i.OTPTrim_Write) refers to cmt453x_qflash.o(.constdata) for .constdata
    cmt453x_qflash.o(i.Qflash_Erase_Sector) refers to cmt453x_qflash.o(.data) for .data
    cmt453x_qflash.o(i.Qflash_Init) refers to memcpya.o(.text) for __aeabi_memcpy
    cmt453x_qflash.o(i.Qflash_Init) refers to cmt453x_qflash.o(.bss) for .bss
    cmt453x_qflash.o(i.Qflash_Init) refers to cmt453x_qflash.o(.data) for .data
    cmt453x_qflash.o(i.Qflash_Init) refers to cmt453x_qflash.o(.constdata) for .constdata
    cmt453x_qflash.o(i.Qflash_Read) refers to cmt453x_qflash.o(.data) for .data
    cmt453x_qflash.o(i.Qflash_Write) refers to cmt453x_qflash.o(.data) for .data
    main.o(i.USART1_IRQHandler) refers to cmt453x_usart.o(i.USART_GetFlagStatus) for USART_GetFlagStatus
    main.o(i.USART1_IRQHandler) refers to cmt453x_usart.o(i.USART_ReceiveData) for USART_ReceiveData
    main.o(i.USART1_IRQHandler) refers to memseta.o(.text) for __aeabi_memclr4
    main.o(i.USART1_IRQHandler) refers to memcpya.o(.text) for __aeabi_memcpy4
    main.o(i.USART1_IRQHandler) refers to hp_scheduler.o(i.app_sched_event_put) for app_sched_event_put
    main.o(i.USART1_IRQHandler) refers to hp_error.o(i.error_handler) for error_handler
    main.o(i.USART1_IRQHandler) refers to main.o(.bss) for .bss
    main.o(i.USART1_IRQHandler) refers to main.o(.data) for .data
    main.o(i.USART1_IRQHandler) refers to main.o(i.sched_evt) for sched_evt
    main.o(i.main) refers to dfu_led.o(i.dfu_leds_config) for dfu_leds_config
    main.o(i.main) refers to dfu_led.o(i.dfu_led_on) for dfu_led_on
    main.o(i.main) refers to hp_scheduler.o(i.app_sched_init) for app_sched_init
    main.o(i.main) refers to cmt453x_qflash.o(i.Qflash_Init) for Qflash_Init
    main.o(i.main) refers to dfu_usart.o(i.dfu_usart1_interrupt_config) for dfu_usart1_interrupt_config
    main.o(i.main) refers to dfu_usart.o(i.dfu_usart1_enable) for dfu_usart1_enable
    main.o(i.main) refers to hp_scheduler.o(i.app_sched_execute) for app_sched_execute
    main.o(i.main) refers to main.o(.bss) for .bss
    main.o(i.sched_evt) refers to memseta.o(.text) for __aeabi_memclr4
    main.o(i.sched_evt) refers to memcpya.o(.text) for __aeabi_memcpy
    main.o(i.sched_evt) refers to dfu_usart.o(i.dfu_usart1_send) for dfu_usart1_send
    main.o(i.sched_evt) refers to hp_dfu_boot.o(i.hp_dfu_boot_force_usart_dfu) for hp_dfu_boot_force_usart_dfu
    main.o(i.sched_evt) refers to main.o(.bss) for .bss
    hp_error.o(i.error_handler) refers to hp_error.o(.bss) for .bss
    hp_scheduler.o(i.app_sched_event_put) refers to memcpya.o(.text) for __aeabi_memcpy
    hp_scheduler.o(i.app_sched_event_put) refers to hp_scheduler.o(.data) for .data
    hp_scheduler.o(i.app_sched_execute) refers to hp_scheduler.o(.data) for .data
    hp_scheduler.o(i.app_sched_init) refers to hp_scheduler.o(.data) for .data
    hp_scheduler.o(i.app_sched_queue_space_get) refers to hp_scheduler.o(.data) for .data
    dfu_usart.o(i.dfu_usart1_disable) refers to cmt453x_usart.o(i.USART_Enable) for USART_Enable
    dfu_usart.o(i.dfu_usart1_enable) refers to cmt453x_usart.o(i.USART_Enable) for USART_Enable
    dfu_usart.o(i.dfu_usart1_interrupt_config) refers to misc.o(i.NVIC_Init) for NVIC_Init
    dfu_usart.o(i.dfu_usart1_interrupt_config) refers to cmt453x_usart.o(i.USART_ConfigInt) for USART_ConfigInt
    dfu_usart.o(i.dfu_usart1_poll_boot_byte) refers to cmt453x_usart.o(i.USART_GetFlagStatus) for USART_GetFlagStatus
    dfu_usart.o(i.dfu_usart1_poll_boot_byte) refers to cmt453x_usart.o(i.USART_ReceiveData) for USART_ReceiveData
    dfu_usart.o(i.dfu_usart1_poll_boot_byte) refers to system_cmt453x.o(.emb_text) for system_delay_cycles
    dfu_usart.o(i.dfu_usart1_poll_boot_byte) refers to cmt453x_usart.o(i.USART_SendData) for USART_SendData
    dfu_usart.o(i.dfu_usart1_poll_config) refers to cmt453x_gpio.o(i.GPIO_InitStruct) for GPIO_InitStruct
    dfu_usart.o(i.dfu_usart1_poll_config) refers to cmt453x_gpio.o(i.GPIO_InitPeripheral) for GPIO_InitPeripheral
    dfu_usart.o(i.dfu_usart1_poll_config) refers to cmt453x_usart.o(i.USART_Enable) for USART_Enable
    dfu_usart.o(i.dfu_usart1_poll_config) refers to cmt453x_usart.o(i.USART_Init) for USART_Init
    dfu_usart.o(i.dfu_usart1_receive) refers to cmt453x_usart.o(i.USART_GetFlagStatus) for USART_GetFlagStatus
    dfu_usart.o(i.dfu_usart1_receive) refers to cmt453x_usart.o(i.USART_ReceiveData) for USART_ReceiveData
    dfu_usart.o(i.dfu_usart1_send) refers to cmt453x_usart.o(i.USART_GetFlagStatus) for USART_GetFlagStatus
    dfu_usart.o(i.dfu_usart1_send) refers to cmt453x_usart.o(i.USART_SendData) for USART_SendData
    dfu_led.o(i.dfu_led_off) refers to cmt453x_rcc.o(i.RCC_EnableAPB2PeriphClk) for RCC_EnableAPB2PeriphClk
    dfu_led.o(i.dfu_led_off) refers to cmt453x_gpio.o(i.GPIO_ResetBits) for GPIO_ResetBits
    dfu_led.o(i.dfu_led_on) refers to cmt453x_rcc.o(i.RCC_EnableAPB2PeriphClk) for RCC_EnableAPB2PeriphClk
    dfu_led.o(i.dfu_led_on) refers to cmt453x_gpio.o(i.GPIO_SetBits) for GPIO_SetBits
    dfu_led.o(i.dfu_led_toggle) refers to cmt453x_rcc.o(i.RCC_EnableAPB2PeriphClk) for RCC_EnableAPB2PeriphClk
    dfu_led.o(i.dfu_led_toggle) refers to cmt453x_gpio.o(i.GPIO_TogglePin) for GPIO_TogglePin
    dfu_led.o(i.dfu_leds_config) refers to cmt453x_rcc.o(i.RCC_EnableAPB2PeriphClk) for RCC_EnableAPB2PeriphClk
    dfu_led.o(i.dfu_leds_config) refers to cmt453x_gpio.o(i.GPIO_InitPeripheral) for GPIO_InitPeripheral
    dfu_led.o(i.dfu_leds_config) refers to cmt453x_gpio.o(i.GPIO_ResetBits) for GPIO_ResetBits
    dfu_delay.o(i.dfu_delay_10us) refers to dfu_delay.o(.emb_text) for delay_cycles
    dfu_delay.o(i.dfu_delay_ms) refers to dfu_delay.o(.emb_text) for delay_cycles
    hp_dfu_boot.o(i.hp_dfu_boot_force_usart_dfu) refers to memcpya.o(.text) for __aeabi_memcpy4
    hp_dfu_boot.o(i.hp_dfu_boot_force_usart_dfu) refers to dfu_crc.o(i.dfu_crc32) for dfu_crc32
    hp_dfu_boot.o(i.hp_dfu_boot_force_usart_dfu) refers to cmt453x_qflash.o(i.Qflash_Erase_Sector) for Qflash_Erase_Sector
    hp_dfu_boot.o(i.hp_dfu_boot_force_usart_dfu) refers to cmt453x_qflash.o(i.Qflash_Write) for Qflash_Write
    hp_dfu_boot.o(i.hp_dfu_boot_force_usart_dfu) refers to hp_dfu_boot.o(.ARM.__AT_0x01002000) for .ARM.__AT_0x01002000
    entry.o(.ARM.Collect$$$$00000000) refers (Special) to entry10a.o(.ARM.Collect$$$$0000000F) for __rt_final_cpp
    entry.o(.ARM.Collect$$$$00000000) refers (Special) to entry11a.o(.ARM.Collect$$$$00000011) for __rt_final_exit
    entry.o(.ARM.Collect$$$$00000000) refers (Special) to entry12b.o(.ARM.Collect$$$$0000000E) for __rt_lib_shutdown_fini
    entry.o(.ARM.Collect$$$$00000000) refers (Special) to entry7b.o(.ARM.Collect$$$$00000008) for _main_clock
    entry.o(.ARM.Collect$$$$00000000) refers (Special) to entry8b.o(.ARM.Collect$$$$0000000A) for _main_cpp_init
    entry.o(.ARM.Collect$$$$00000000) refers (Special) to entry9a.o(.ARM.Collect$$$$0000000B) for _main_init
    entry.o(.ARM.Collect$$$$00000000) refers (Special) to entry5.o(.ARM.Collect$$$$00000004) for _main_scatterload
    entry.o(.ARM.Collect$$$$00000000) refers (Special) to entry2.o(.ARM.Collect$$$$00000001) for _main_stk
    entry2.o(.ARM.Collect$$$$00000001) refers to entry2.o(.ARM.Collect$$$$00002712) for __lit__00000000
    entry2.o(.ARM.Collect$$$$00002712) refers to startup_cmt453x.o(STACK) for __initial_sp
    entry2.o(__vectab_stack_and_reset_area) refers to startup_cmt453x.o(STACK) for __initial_sp
    entry2.o(__vectab_stack_and_reset_area) refers to entry.o(.ARM.Collect$$$$00000000) for __main
    entry5.o(.ARM.Collect$$$$00000004) refers to init.o(.text) for __scatterload
    entry9a.o(.ARM.Collect$$$$0000000B) refers to main.o(i.main) for main
    entry9b.o(.ARM.Collect$$$$0000000C) refers to main.o(i.main) for main
    init.o(.text) refers to entry5.o(.ARM.Collect$$$$00000004) for __main_after_scatterload


==============================================================================

Removing Unused input sections from the image.

    Removing startup_cmt453x.o(HEAP), (512 bytes).
    Removing system_cmt453x.o(i.SystemCoreClockUpdate), (16 bytes).
    Removing system_cmt453x.o(i.SystemGetMacAddr), (48 bytes).
    Removing system_cmt453x.o(i.SystemGetUUID), (48 bytes).
    Removing system_cmt453x.o(i.SystemTrimValueGet), (44 bytes).
    Removing system_cmt453x.o(i.system_delay_n_10us), (12 bytes).
    Removing system_cmt453x.o(.data), (4 bytes).
    Removing misc.o(.emb_text), (8 bytes).
    Removing misc.o(i.SysTick_CLKSourceConfig), (24 bytes).
    Removing cmt453x_crc.o(.emb_text), (8 bytes).
    Removing cmt453x_crc.o(i.CRC16_CalcBufCrc), (32 bytes).
    Removing cmt453x_crc.o(i.CRC16_CalcCRC), (12 bytes).
    Removing cmt453x_crc.o(i.CRC32_CalcBufCrc), (32 bytes).
    Removing cmt453x_crc.o(i.CRC32_CalcCrc), (12 bytes).
    Removing cmt453x_crc.o(i.CRC32_GetCrc), (12 bytes).
    Removing cmt453x_crc.o(i.CRC32_GetIDat), (12 bytes).
    Removing cmt453x_crc.o(i.CRC32_ResetCrc), (12 bytes).
    Removing cmt453x_crc.o(i.CRC32_SetIDat), (12 bytes).
    Removing cmt453x_crc.o(i.__CRC16_CalcCrc), (12 bytes).
    Removing cmt453x_crc.o(i.__CRC16_GetCrc), (12 bytes).
    Removing cmt453x_crc.o(i.__CRC16_GetLRC), (12 bytes).
    Removing cmt453x_crc.o(i.__CRC16_SetBigEndianFmt), (16 bytes).
    Removing cmt453x_crc.o(i.__CRC16_SetCleanDisable), (16 bytes).
    Removing cmt453x_crc.o(i.__CRC16_SetCleanEnable), (16 bytes).
    Removing cmt453x_crc.o(i.__CRC16_SetCrc), (12 bytes).
    Removing cmt453x_crc.o(i.__CRC16_SetLRC), (12 bytes).
    Removing cmt453x_crc.o(i.__CRC16_SetLittleEndianFmt), (16 bytes).
    Removing cmt453x_gpio.o(.emb_text), (8 bytes).
    Removing cmt453x_gpio.o(i.AFIO_ConfigSPINSSMode), (24 bytes).
    Removing cmt453x_gpio.o(i.GPIO_AFIOInitDefault), (20 bytes).
    Removing cmt453x_gpio.o(i.GPIO_ConfigEXTILine), (340 bytes).
    Removing cmt453x_gpio.o(i.GPIO_ConfigPinLock), (18 bytes).
    Removing cmt453x_gpio.o(i.GPIO_ConfigPinRemap), (60 bytes).
    Removing cmt453x_gpio.o(i.GPIO_DeInit), (56 bytes).
    Removing cmt453x_gpio.o(i.GPIO_DeInitPin), (100 bytes).
    Removing cmt453x_gpio.o(i.GPIO_InitStruct), (28 bytes).
    Removing cmt453x_gpio.o(i.GPIO_ReadInputData), (6 bytes).
    Removing cmt453x_gpio.o(i.GPIO_ReadInputDataBit), (14 bytes).
    Removing cmt453x_gpio.o(i.GPIO_ReadOutputData), (6 bytes).
    Removing cmt453x_gpio.o(i.GPIO_ReadOutputDataBit), (14 bytes).
    Removing cmt453x_gpio.o(i.GPIO_TogglePin), (8 bytes).
    Removing cmt453x_gpio.o(i.GPIO_Write), (4 bytes).
    Removing cmt453x_gpio.o(i.GPIO_WriteBit), (12 bytes).
    Removing cmt453x_pwr.o(.emb_text), (8 bytes).
    Removing cmt453x_pwr.o(i.PWR_DeInit), (22 bytes).
    Removing cmt453x_pwr.o(i.PWR_EnterIDLEMode), (60 bytes).
    Removing cmt453x_pwr.o(i.PWR_EnterPDMode), (48 bytes).
    Removing cmt453x_pwr.o(i.PWR_EnterSLEEPMode), (92 bytes).
    Removing cmt453x_rcc.o(.emb_text), (8 bytes).
    Removing cmt453x_rcc.o(i.DBG_ConfigPeriph), (24 bytes).
    Removing cmt453x_rcc.o(i.RCC_ClrFlag), (24 bytes).
    Removing cmt453x_rcc.o(i.RCC_ClrIntPendingBit), (16 bytes).
    Removing cmt453x_rcc.o(i.RCC_ConfigAdcClk), (20 bytes).
    Removing cmt453x_rcc.o(i.RCC_ConfigHclk), (20 bytes).
    Removing cmt453x_rcc.o(i.RCC_ConfigHse), (28 bytes).
    Removing cmt453x_rcc.o(i.RCC_ConfigHsi), (28 bytes).
    Removing cmt453x_rcc.o(i.RCC_ConfigInt), (24 bytes).
    Removing cmt453x_rcc.o(i.RCC_ConfigLSXSEL), (24 bytes).
    Removing cmt453x_rcc.o(i.RCC_ConfigLpuartClk), (28 bytes).
    Removing cmt453x_rcc.o(i.RCC_ConfigLse), (40 bytes).
    Removing cmt453x_rcc.o(i.RCC_ConfigMco), (24 bytes).
    Removing cmt453x_rcc.o(i.RCC_ConfigPclk1), (20 bytes).
    Removing cmt453x_rcc.o(i.RCC_ConfigPclk2), (24 bytes).
    Removing cmt453x_rcc.o(i.RCC_ConfigSysclk), (20 bytes).
    Removing cmt453x_rcc.o(i.RCC_ConfigTim1Clk), (20 bytes).
    Removing cmt453x_rcc.o(i.RCC_DeInit), (76 bytes).
    Removing cmt453x_rcc.o(i.RCC_EnableAHBPeriphClk), (24 bytes).
    Removing cmt453x_rcc.o(i.RCC_EnableAHBPeriphReset), (24 bytes).
    Removing cmt453x_rcc.o(i.RCC_EnableAPB1PeriphClk), (24 bytes).
    Removing cmt453x_rcc.o(i.RCC_EnableAPB1PeriphReset), (24 bytes).
    Removing cmt453x_rcc.o(i.RCC_EnableAPB2PeriphReset), (24 bytes).
    Removing cmt453x_rcc.o(i.RCC_EnableHsi), (28 bytes).
    Removing cmt453x_rcc.o(i.RCC_EnableLpuartClk), (24 bytes).
    Removing cmt453x_rcc.o(i.RCC_EnableLsi), (28 bytes).
    Removing cmt453x_rcc.o(i.RCC_EnableRTCReset), (28 bytes).
    Removing cmt453x_rcc.o(i.RCC_EnableRtcClk), (28 bytes).
    Removing cmt453x_rcc.o(i.RCC_Enable_ADC_CLK_SRC_AUDIOPLL), (28 bytes).
    Removing cmt453x_rcc.o(i.RCC_GetClocksFreqValue), (116 bytes).
    Removing cmt453x_rcc.o(i.RCC_GetFlagStatus), (48 bytes).
    Removing cmt453x_rcc.o(i.RCC_GetIntStatus), (20 bytes).
    Removing cmt453x_rcc.o(i.RCC_GetLpuartClkSrc), (20 bytes).
    Removing cmt453x_rcc.o(i.RCC_GetRTCClkSrc), (16 bytes).
    Removing cmt453x_rcc.o(i.RCC_GetSysclkSrc), (16 bytes).
    Removing cmt453x_rcc.o(i.RCC_WaitHseStable), (56 bytes).
    Removing cmt453x_rcc.o(i.RCC_WaitHsiStable), (56 bytes).
    Removing cmt453x_rcc.o(.constdata), (12 bytes).
    Removing cmt453x_usart.o(.emb_text), (8 bytes).
    Removing cmt453x_usart.o(i.USART_ClockInit), (36 bytes).
    Removing cmt453x_usart.o(i.USART_ClockStructInit), (12 bytes).
    Removing cmt453x_usart.o(i.USART_ClrFlag), (6 bytes).
    Removing cmt453x_usart.o(i.USART_ClrIntPendingBit), (12 bytes).
    Removing cmt453x_usart.o(i.USART_ConfigIrDAMode), (16 bytes).
    Removing cmt453x_usart.o(i.USART_ConfigLINBreakDetectLength), (16 bytes).
    Removing cmt453x_usart.o(i.USART_ConfigWakeUpMode), (20 bytes).
    Removing cmt453x_usart.o(i.USART_DeInit), (52 bytes).
    Removing cmt453x_usart.o(i.USART_EnableDMA), (16 bytes).
    Removing cmt453x_usart.o(i.USART_EnableHalfDuplex), (18 bytes).
    Removing cmt453x_usart.o(i.USART_EnableIrDA), (18 bytes).
    Removing cmt453x_usart.o(i.USART_EnableLIN), (28 bytes).
    Removing cmt453x_usart.o(i.USART_EnableRcvWakeUp), (18 bytes).
    Removing cmt453x_usart.o(i.USART_EnableSmartCard), (18 bytes).
    Removing cmt453x_usart.o(i.USART_GetIntStatus), (64 bytes).
    Removing cmt453x_usart.o(i.USART_Init), (136 bytes).
    Removing cmt453x_usart.o(i.USART_SendBreak), (10 bytes).
    Removing cmt453x_usart.o(i.USART_SetAddr), (16 bytes).
    Removing cmt453x_usart.o(i.USART_SetGuardTime), (16 bytes).
    Removing cmt453x_usart.o(i.USART_SetPrescaler), (16 bytes).
    Removing cmt453x_usart.o(i.USART_SetSmartCardNACK), (18 bytes).
    Removing cmt453x_usart.o(i.USART_StructInit), (22 bytes).
    Removing cmt453x_qflash.o(.emb_text), (8 bytes).
    Removing cmt453x_qflash.o(i.OTPTrim_Erase), (84 bytes).
    Removing cmt453x_qflash.o(i.OTPTrim_Lock), (84 bytes).
    Removing cmt453x_qflash.o(i.OTPTrim_Read), (88 bytes).
    Removing cmt453x_qflash.o(i.OTPTrim_Write), (128 bytes).
    Removing cmt453x_qflash.o(i.Qflash_Read), (36 bytes).
    Removing main.o(.emb_text), (8 bytes).
    Removing hp_scheduler.o(i.app_sched_queue_space_get), (36 bytes).
    Removing dfu_usart.o(.emb_text), (8 bytes).
    Removing dfu_usart.o(i.dfu_usart1_default_config), (40 bytes).
    Removing dfu_usart.o(i.dfu_usart1_disable), (16 bytes).
    Removing dfu_usart.o(i.dfu_usart1_poll_boot_byte), (76 bytes).
    Removing dfu_usart.o(i.dfu_usart1_poll_config), (192 bytes).
    Removing dfu_usart.o(i.dfu_usart1_receive), (36 bytes).
    Removing dfu_led.o(.emb_text), (8 bytes).
    Removing dfu_led.o(i.dfu_led_off), (32 bytes).
    Removing dfu_led.o(i.dfu_led_toggle), (32 bytes).
    Removing dfu_crc.o(.emb_text), (8 bytes).
    Removing dfu_delay.o(.emb_text), (14 bytes).
    Removing dfu_delay.o(i.dfu_delay_10us), (12 bytes).
    Removing dfu_delay.o(i.dfu_delay_ms), (28 bytes).
    Removing hp_dfu_boot.o(.emb_text), (8 bytes).
    Removing hp_dfu_boot.o(i.hp_dfu_boot_jump), (10 bytes).

132 unused section(s) (total 4628 bytes) removed from the image.

==============================================================================

Image Symbol Table

    Local Symbols

    Symbol Name                              Value     Ov Type        Size  Object(Section)

    ../clib/microlib/division.c              0x00000000   Number         0  uidiv.o ABSOLUTE
    ../clib/microlib/init/entry.s            0x00000000   Number         0  entry11a.o ABSOLUTE
    ../clib/microlib/init/entry.s            0x00000000   Number         0  entry8a.o ABSOLUTE
    ../clib/microlib/init/entry.s            0x00000000   Number         0  entry9a.o ABSOLUTE
    ../clib/microlib/init/entry.s            0x00000000   Number         0  entry9b.o ABSOLUTE
    ../clib/microlib/init/entry.s            0x00000000   Number         0  entry8b.o ABSOLUTE
    ../clib/microlib/init/entry.s            0x00000000   Number         0  entry12b.o ABSOLUTE
    ../clib/microlib/init/entry.s            0x00000000   Number         0  entry12a.o ABSOLUTE
    ../clib/microlib/init/entry.s            0x00000000   Number         0  entry2.o ABSOLUTE
    ../clib/microlib/init/entry.s            0x00000000   Number         0  entry7b.o ABSOLUTE
    ../clib/microlib/init/entry.s            0x00000000   Number         0  entry11b.o ABSOLUTE
    ../clib/microlib/init/entry.s            0x00000000   Number         0  entry5.o ABSOLUTE
    ../clib/microlib/init/entry.s            0x00000000   Number         0  entry10a.o ABSOLUTE
    ../clib/microlib/init/entry.s            0x00000000   Number         0  entry7a.o ABSOLUTE
    ../clib/microlib/init/entry.s            0x00000000   Number         0  entry10b.o ABSOLUTE
    ../clib/microlib/init/entry.s            0x00000000   Number         0  entry.o ABSOLUTE
    ../clib/microlib/string/memcpy.c         0x00000000   Number         0  memcpya.o ABSOLUTE
    ../clib/microlib/string/memcpy.c         0x00000000   Number         0  memcpyb.o ABSOLUTE
    ../clib/microlib/string/memset.c         0x00000000   Number         0  memseta.o ABSOLUTE
    ..\..\..\..\..\firmware\CMSIS\device\startup\startup_cmt453x.s 0x00000000   Number         0  startup_cmt453x.o ABSOLUTE
    ..\..\..\..\..\firmware\CMSIS\device\system_cmt453x.c 0x00000000   Number         0  system_cmt453x.o ABSOLUTE
    ..\..\..\..\..\firmware\cmt453x_std_periph_driver\src\cmt453x_crc.c 0x00000000   Number         0  cmt453x_crc.o ABSOLUTE
    ..\..\..\..\..\firmware\cmt453x_std_periph_driver\src\cmt453x_gpio.c 0x00000000   Number         0  cmt453x_gpio.o ABSOLUTE
    ..\..\..\..\..\firmware\cmt453x_std_periph_driver\src\cmt453x_pwr.c 0x00000000   Number         0  cmt453x_pwr.o ABSOLUTE
    ..\..\..\..\..\firmware\cmt453x_std_periph_driver\src\cmt453x_qflash.c 0x00000000   Number         0  cmt453x_qflash.o ABSOLUTE
    ..\..\..\..\..\firmware\cmt453x_std_periph_driver\src\cmt453x_rcc.c 0x00000000   Number         0  cmt453x_rcc.o ABSOLUTE
    ..\..\..\..\..\firmware\cmt453x_std_periph_driver\src\cmt453x_usart.c 0x00000000   Number         0  cmt453x_usart.o ABSOLUTE
    ..\..\..\..\..\firmware\cmt453x_std_periph_driver\src\misc.c 0x00000000   Number         0  misc.o ABSOLUTE
    ..\..\..\..\..\middlewares\HopeRF\ble_library\hp_library\dfu\hp_dfu_boot.c 0x00000000   Number         0  hp_dfu_boot.o ABSOLUTE
    ..\..\..\..\..\middlewares\HopeRF\ble_library\hp_library\error\hp_error.c 0x00000000   Number         0  hp_error.o ABSOLUTE
    ..\..\..\..\..\middlewares\HopeRF\ble_library\hp_library\scheduler\hp_scheduler.c 0x00000000   Number         0  hp_scheduler.o ABSOLUTE
    ..\..\common\dfu_crc.c                   0x00000000   Number         0  dfu_crc.o ABSOLUTE
    ..\..\common\dfu_delay.c                 0x00000000   Number         0  dfu_delay.o ABSOLUTE
    ..\..\common\dfu_led.c                   0x00000000   Number         0  dfu_led.o ABSOLUTE
    ..\..\common\dfu_usart.c                 0x00000000   Number         0  dfu_usart.o ABSOLUTE
    ..\\..\\..\\..\\..\\firmware\\CMSIS\\device\\system_cmt453x.c 0x00000000   Number         0  system_cmt453x.o ABSOLUTE
    ..\\..\\..\\..\\..\\firmware\\cmt453x_std_periph_driver\\src\\cmt453x_crc.c 0x00000000   Number         0  cmt453x_crc.o ABSOLUTE
    ..\\..\\..\\..\\..\\firmware\\cmt453x_std_periph_driver\\src\\cmt453x_gpio.c 0x00000000   Number         0  cmt453x_gpio.o ABSOLUTE
    ..\\..\\..\\..\\..\\firmware\\cmt453x_std_periph_driver\\src\\cmt453x_pwr.c 0x00000000   Number         0  cmt453x_pwr.o ABSOLUTE
    ..\\..\\..\\..\\..\\firmware\\cmt453x_std_periph_driver\\src\\cmt453x_qflash.c 0x00000000   Number         0  cmt453x_qflash.o ABSOLUTE
    ..\\..\\..\\..\\..\\firmware\\cmt453x_std_periph_driver\\src\\cmt453x_rcc.c 0x00000000   Number         0  cmt453x_rcc.o ABSOLUTE
    ..\\..\\..\\..\\..\\firmware\\cmt453x_std_periph_driver\\src\\cmt453x_usart.c 0x00000000   Number         0  cmt453x_usart.o ABSOLUTE
    ..\\..\\..\\..\\..\\firmware\\cmt453x_std_periph_driver\\src\\misc.c 0x00000000   Number         0  misc.o ABSOLUTE
    ..\\..\\..\\..\\..\\middlewares\\HopeRF\\ble_library\\hp_library\\dfu\\hp_dfu_boot.c 0x00000000   Number         0  hp_dfu_boot.o ABSOLUTE
    ..\\..\\common\\dfu_crc.c                0x00000000   Number         0  dfu_crc.o ABSOLUTE
    ..\\..\\common\\dfu_delay.c              0x00000000   Number         0  dfu_delay.o ABSOLUTE
    ..\\..\\common\\dfu_led.c                0x00000000   Number         0  dfu_led.o ABSOLUTE
    ..\\..\\common\\dfu_usart.c              0x00000000   Number         0  dfu_usart.o ABSOLUTE
    ..\\src\\main.c                          0x00000000   Number         0  main.o ABSOLUTE
    ..\src\main.c                            0x00000000   Number         0  main.o ABSOLUTE
    dc.s                                     0x00000000   Number         0  dc.o ABSOLUTE
    handlers.s                               0x00000000   Number         0  handlers.o ABSOLUTE
    init.s                                   0x00000000   Number         0  init.o ABSOLUTE
    .ARM.__AT_0x01002000                     0x01002000   Section      192  hp_dfu_boot.o(.ARM.__AT_0x01002000)
    __tagsym$$used                           0x01002000   Number         0  hp_dfu_boot.o(.ARM.__AT_0x01002000)
    RESET                                    0x01004000   Section      192  startup_cmt453x.o(RESET)
    .ARM.Collect$$$$00000000                 0x010040c0   Section        0  entry.o(.ARM.Collect$$$$00000000)
    .ARM.Collect$$$$00000001                 0x010040c0   Section        4  entry2.o(.ARM.Collect$$$$00000001)
    .ARM.Collect$$$$00000004                 0x010040c4   Section        4  entry5.o(.ARM.Collect$$$$00000004)
    .ARM.Collect$$$$00000008                 0x010040c8   Section        0  entry7b.o(.ARM.Collect$$$$00000008)
    .ARM.Collect$$$$0000000A                 0x010040c8   Section        0  entry8b.o(.ARM.Collect$$$$0000000A)
    .ARM.Collect$$$$0000000B                 0x010040c8   Section        8  entry9a.o(.ARM.Collect$$$$0000000B)
    .ARM.Collect$$$$0000000E                 0x010040d0   Section        4  entry12b.o(.ARM.Collect$$$$0000000E)
    .ARM.Collect$$$$0000000F                 0x010040d4   Section        0  entry10a.o(.ARM.Collect$$$$0000000F)
    .ARM.Collect$$$$00000011                 0x010040d4   Section        0  entry11a.o(.ARM.Collect$$$$00000011)
    .ARM.Collect$$$$00002712                 0x010040d4   Section        4  entry2.o(.ARM.Collect$$$$00002712)
    __lit__00000000                          0x010040d4   Data           4  entry2.o(.ARM.Collect$$$$00002712)
    .emb_text                                0x010040d8   Section       14  system_cmt453x.o(.emb_text)
    .text                                    0x010040e8   Section       28  startup_cmt453x.o(.text)
    .text                                    0x01004104   Section        0  memcpya.o(.text)
    .text                                    0x01004128   Section        0  memseta.o(.text)
    .text                                    0x0100414c   Section       36  init.o(.text)
    i.GPIO_InitPeripheral                    0x01004170   Section        0  cmt453x_gpio.o(i.GPIO_InitPeripheral)
    i.GPIO_ResetBits                         0x01004228   Section        0  cmt453x_gpio.o(i.GPIO_ResetBits)
    i.GPIO_SetBits                           0x0100422c   Section        0  cmt453x_gpio.o(i.GPIO_SetBits)
    i.NVIC_Init                              0x01004230   Section        0  misc.o(i.NVIC_Init)
    i.Qflash_Erase_Sector                    0x010042a8   Section        0  cmt453x_qflash.o(i.Qflash_Erase_Sector)
    i.Qflash_Init                            0x010042cc   Section        0  cmt453x_qflash.o(i.Qflash_Init)
    i.Qflash_Write                           0x01004304   Section        0  cmt453x_qflash.o(i.Qflash_Write)
    i.RCC_EnableAPB2PeriphClk                0x01004328   Section        0  cmt453x_rcc.o(i.RCC_EnableAPB2PeriphClk)
    i.SystemInit                             0x01004340   Section        0  system_cmt453x.o(i.SystemInit)
    i.SystemTrimValueRead                    0x010044a4   Section        0  system_cmt453x.o(i.SystemTrimValueRead)
    i.USART1_IRQHandler                      0x010044dc   Section        0  main.o(i.USART1_IRQHandler)
    i.USART_ConfigInt                        0x01004564   Section        0  cmt453x_usart.o(i.USART_ConfigInt)
    i.USART_Enable                           0x01004598   Section        0  cmt453x_usart.o(i.USART_Enable)
    i.USART_GetFlagStatus                    0x010045b4   Section        0  cmt453x_usart.o(i.USART_GetFlagStatus)
    i.USART_ReceiveData                      0x010045c2   Section        0  cmt453x_usart.o(i.USART_ReceiveData)
    i.USART_SendData                         0x010045ca   Section        0  cmt453x_usart.o(i.USART_SendData)
    i.__scatterload_copy                     0x010045d2   Section       14  handlers.o(i.__scatterload_copy)
    i.__scatterload_null                     0x010045e0   Section        2  handlers.o(i.__scatterload_null)
    i.__scatterload_zeroinit                 0x010045e2   Section       14  handlers.o(i.__scatterload_zeroinit)
    i.app_sched_event_put                    0x010045f0   Section        0  hp_scheduler.o(i.app_sched_event_put)
    i.app_sched_execute                      0x01004668   Section        0  hp_scheduler.o(i.app_sched_execute)
    i.app_sched_init                         0x010046a8   Section        0  hp_scheduler.o(i.app_sched_init)
    i.dfu_crc32                              0x010046d8   Section        0  dfu_crc.o(i.dfu_crc32)
    i.dfu_led_on                             0x01004774   Section        0  dfu_led.o(i.dfu_led_on)
    i.dfu_leds_config                        0x01004794   Section        0  dfu_led.o(i.dfu_leds_config)
    i.dfu_usart1_enable                      0x010047ec   Section        0  dfu_usart.o(i.dfu_usart1_enable)
    i.dfu_usart1_interrupt_config            0x010047fc   Section        0  dfu_usart.o(i.dfu_usart1_interrupt_config)
    i.dfu_usart1_send                        0x01004828   Section        0  dfu_usart.o(i.dfu_usart1_send)
    i.error_handler                          0x01004858   Section        0  hp_error.o(i.error_handler)
    i.hp_dfu_boot_force_usart_dfu            0x01004878   Section        0  hp_dfu_boot.o(i.hp_dfu_boot_force_usart_dfu)
    i.main                                   0x010048dc   Section        0  main.o(i.main)
    i.sched_evt                              0x01004944   Section        0  main.o(i.sched_evt)
    sched_evt                                0x01004945   Thumb Code   172  main.o(i.sched_evt)
    .constdata                               0x01004a04   Section      320  system_cmt453x.o(.constdata)
    .constdata                               0x01004b44   Section     2020  cmt453x_qflash.o(.constdata)
    .data                                    0x20004000   Section       12  cmt453x_qflash.o(.data)
    .data                                    0x2000400c   Section        4  main.o(.data)
    index                                    0x2000400c   Data           4  main.o(.data)
    .data                                    0x20004010   Section       16  hp_scheduler.o(.data)
    m_queue_start_index                      0x20004010   Data           1  hp_scheduler.o(.data)
    m_queue_end_index                        0x20004011   Data           1  hp_scheduler.o(.data)
    m_queue_event_size                       0x20004012   Data           2  hp_scheduler.o(.data)
    m_queue_size                             0x20004014   Data           2  hp_scheduler.o(.data)
    m_queue_event_headers                    0x20004018   Data           4  hp_scheduler.o(.data)
    m_queue_event_data                       0x2000401c   Data           4  hp_scheduler.o(.data)
    .bss                                     0x20004020   Section       52  system_cmt453x.o(.bss)
    .bss                                     0x20004054   Section      808  cmt453x_qflash.o(.bss)
    ram_qflash_cmd                           0x20004054   Data         808  cmt453x_qflash.o(.bss)
    .bss                                     0x2000437c   Section     5256  main.o(.bss)
    APP_SCHED_BUF                            0x2000437c   Data        4488  main.o(.bss)
    buffer                                   0x20005504   Data         256  main.o(.bss)
    cmd                                      0x20005604   Data         256  main.o(.bss)
    m_buffer                                 0x20005704   Data         256  main.o(.bss)
    .bss                                     0x20005804   Section       12  hp_error.o(.bss)
    m_error_data                             0x20005804   Data          12  hp_error.o(.bss)
    STACK                                    0x20005810   Section     2048  startup_cmt453x.o(STACK)

    Global Symbols

    Symbol Name                              Value     Ov Type        Size  Object(Section)

    BuildAttributes$$THM_ISAv3M$S$PE$A:L22$X:L11$S22$IEEE1$IW$USESV6$~STKCKD$USESV7$~SHL$OTIME$EBA8$MICROLIB$REQ8$PRES8$EABIv2 0x00000000   Number         0  anon$$obj.o ABSOLUTE
    __ARM_use_no_argv                        0x00000000   Number         0  main.o ABSOLUTE
    __arm_fini_                               - Undefined Weak Reference
    __cpp_initialize__aeabi_                  - Undefined Weak Reference
    __cxa_finalize                            - Undefined Weak Reference
    __decompress                              - Undefined Weak Reference
    _clock_init                               - Undefined Weak Reference
    _microlib_exit                            - Undefined Weak Reference
    __Vectors_Size                           0x000000c0   Number         0  startup_cmt453x.o ABSOLUTE
    hp_bootsetting                           0x01002000   Data         192  hp_dfu_boot.o(.ARM.__AT_0x01002000)
    Image$$ER_IROM1$$Base                    0x01004000   Number         0  anon$$obj.o ABSOLUTE
    __Vectors                                0x01004000   Data           4  startup_cmt453x.o(RESET)
    __Vectors_End                            0x010040c0   Data           0  startup_cmt453x.o(RESET)
    __main                                   0x010040c1   Thumb Code     0  entry.o(.ARM.Collect$$$$00000000)
    _main_stk                                0x010040c1   Thumb Code     0  entry2.o(.ARM.Collect$$$$00000001)
    _main_scatterload                        0x010040c5   Thumb Code     0  entry5.o(.ARM.Collect$$$$00000004)
    __main_after_scatterload                 0x010040c9   Thumb Code     0  entry5.o(.ARM.Collect$$$$00000004)
    _main_clock                              0x010040c9   Thumb Code     0  entry7b.o(.ARM.Collect$$$$00000008)
    _main_cpp_init                           0x010040c9   Thumb Code     0  entry8b.o(.ARM.Collect$$$$0000000A)
    _main_init                               0x010040c9   Thumb Code     0  entry9a.o(.ARM.Collect$$$$0000000B)
    __rt_lib_shutdown_fini                   0x010040d1   Thumb Code     0  entry12b.o(.ARM.Collect$$$$0000000E)
    __rt_final_cpp                           0x010040d5   Thumb Code     0  entry10a.o(.ARM.Collect$$$$0000000F)
    __rt_final_exit                          0x010040d5   Thumb Code     0  entry11a.o(.ARM.Collect$$$$00000011)
    __asm___16_system_cmt453x_c_f233b82c____REV16 0x010040d9   Thumb Code     4  system_cmt453x.o(.emb_text)
    __asm___16_system_cmt453x_c_f233b82c____REVSH 0x010040dd   Thumb Code     4  system_cmt453x.o(.emb_text)
    system_delay_cycles                      0x010040e1   Thumb Code     6  system_cmt453x.o(.emb_text)
    Reset_Handler                            0x010040e9   Thumb Code     8  startup_cmt453x.o(.text)
    NMI_Handler                              0x010040f1   Thumb Code     2  startup_cmt453x.o(.text)
    HardFault_Handler                        0x010040f3   Thumb Code     2  startup_cmt453x.o(.text)
    SVC_Handler                              0x010040f5   Thumb Code     2  startup_cmt453x.o(.text)
    PendSV_Handler                           0x010040f7   Thumb Code     2  startup_cmt453x.o(.text)
    SysTick_Handler                          0x010040f9   Thumb Code     2  startup_cmt453x.o(.text)
    ADC_IRQHandler                           0x010040fb   Thumb Code     0  startup_cmt453x.o(.text)
    BLE_CRYPT_IRQHandler                     0x010040fb   Thumb Code     0  startup_cmt453x.o(.text)
    BLE_ERROR_IRQHandler                     0x010040fb   Thumb Code     0  startup_cmt453x.o(.text)
    BLE_FIFO_IRQHandler                      0x010040fb   Thumb Code     0  startup_cmt453x.o(.text)
    BLE_FINETGT_IRQHandler                   0x010040fb   Thumb Code     0  startup_cmt453x.o(.text)
    BLE_HSLOT_IRQHandler                     0x010040fb   Thumb Code     0  startup_cmt453x.o(.text)
    BLE_SLP_IRQHandler                       0x010040fb   Thumb Code     0  startup_cmt453x.o(.text)
    BLE_SW_IRQHandler                        0x010040fb   Thumb Code     0  startup_cmt453x.o(.text)
    BLE_TIMESTAMP_TGT1_IRQHandler            0x010040fb   Thumb Code     0  startup_cmt453x.o(.text)
    BLE_TIMESTAMP_TGT2_IRQHandler            0x010040fb   Thumb Code     0  startup_cmt453x.o(.text)
    DMA_Channel1_2_3_4_IRQHandler            0x010040fb   Thumb Code     0  startup_cmt453x.o(.text)
    DMA_Channel5_IRQHandler                  0x010040fb   Thumb Code     0  startup_cmt453x.o(.text)
    EXTI0_1_IRQHandler                       0x010040fb   Thumb Code     0  startup_cmt453x.o(.text)
    EXTI2_3_IRQHandler                       0x010040fb   Thumb Code     0  startup_cmt453x.o(.text)
    EXTI4_12_IRQHandler                      0x010040fb   Thumb Code     0  startup_cmt453x.o(.text)
    FLASH_IRQHandler                         0x010040fb   Thumb Code     0  startup_cmt453x.o(.text)
    I2C1_IRQHandler                          0x010040fb   Thumb Code     0  startup_cmt453x.o(.text)
    IRC_IRQHandler                           0x010040fb   Thumb Code     0  startup_cmt453x.o(.text)
    KEYSCAN_IRQHandler                       0x010040fb   Thumb Code     0  startup_cmt453x.o(.text)
    LPUART1_IRQHandler                       0x010040fb   Thumb Code     0  startup_cmt453x.o(.text)
    RCC_IRQHandler                           0x010040fb   Thumb Code     0  startup_cmt453x.o(.text)
    RESERVED_IRQHandler                      0x010040fb   Thumb Code     0  startup_cmt453x.o(.text)
    RTC_IRQHandler                           0x010040fb   Thumb Code     0  startup_cmt453x.o(.text)
    SPI1_IRQHandler                          0x010040fb   Thumb Code     0  startup_cmt453x.o(.text)
    SPI2_IRQHandler                          0x010040fb   Thumb Code     0  startup_cmt453x.o(.text)
    TIM1_BRK_UP_TRG_COM_IRQHandler           0x010040fb   Thumb Code     0  startup_cmt453x.o(.text)
    TIM1_CC_IRQHandler                       0x010040fb   Thumb Code     0  startup_cmt453x.o(.text)
    TIM3_IRQHandler                          0x010040fb   Thumb Code     0  startup_cmt453x.o(.text)
    TIM6_IRQHandler                          0x010040fb   Thumb Code     0  startup_cmt453x.o(.text)
    USART2_IRQHandler                        0x010040fb   Thumb Code     0  startup_cmt453x.o(.text)
    WWDG_IRQHandler                          0x010040fb   Thumb Code     0  startup_cmt453x.o(.text)
    __aeabi_memcpy                           0x01004105   Thumb Code    36  memcpya.o(.text)
    __aeabi_memcpy4                          0x01004105   Thumb Code     0  memcpya.o(.text)
    __aeabi_memcpy8                          0x01004105   Thumb Code     0  memcpya.o(.text)
    __aeabi_memset                           0x01004129   Thumb Code    14  memseta.o(.text)
    __aeabi_memset4                          0x01004129   Thumb Code     0  memseta.o(.text)
    __aeabi_memset8                          0x01004129   Thumb Code     0  memseta.o(.text)
    __aeabi_memclr                           0x01004137   Thumb Code     4  memseta.o(.text)
    __aeabi_memclr4                          0x01004137   Thumb Code     0  memseta.o(.text)
    __aeabi_memclr8                          0x01004137   Thumb Code     0  memseta.o(.text)
    _memset$wrapper                          0x0100413b   Thumb Code    18  memseta.o(.text)
    __scatterload                            0x0100414d   Thumb Code    28  init.o(.text)
    __scatterload_rt2                        0x0100414d   Thumb Code     0  init.o(.text)
    GPIO_InitPeripheral                      0x01004171   Thumb Code   184  cmt453x_gpio.o(i.GPIO_InitPeripheral)
    GPIO_ResetBits                           0x01004229   Thumb Code     4  cmt453x_gpio.o(i.GPIO_ResetBits)
    GPIO_SetBits                             0x0100422d   Thumb Code     4  cmt453x_gpio.o(i.GPIO_SetBits)
    NVIC_Init                                0x01004231   Thumb Code   102  misc.o(i.NVIC_Init)
    Qflash_Erase_Sector                      0x010042a9   Thumb Code    30  cmt453x_qflash.o(i.Qflash_Erase_Sector)
    Qflash_Init                              0x010042cd   Thumb Code    30  cmt453x_qflash.o(i.Qflash_Init)
    Qflash_Write                             0x01004305   Thumb Code    30  cmt453x_qflash.o(i.Qflash_Write)
    RCC_EnableAPB2PeriphClk                  0x01004329   Thumb Code    18  cmt453x_rcc.o(i.RCC_EnableAPB2PeriphClk)
    SystemInit                               0x01004341   Thumb Code   320  system_cmt453x.o(i.SystemInit)
    SystemTrimValueRead                      0x010044a5   Thumb Code    50  system_cmt453x.o(i.SystemTrimValueRead)
    USART1_IRQHandler                        0x010044dd   Thumb Code    98  main.o(i.USART1_IRQHandler)
    USART_ConfigInt                          0x01004565   Thumb Code    50  cmt453x_usart.o(i.USART_ConfigInt)
    USART_Enable                             0x01004599   Thumb Code    22  cmt453x_usart.o(i.USART_Enable)
    USART_GetFlagStatus                      0x010045b5   Thumb Code    14  cmt453x_usart.o(i.USART_GetFlagStatus)
    USART_ReceiveData                        0x010045c3   Thumb Code     8  cmt453x_usart.o(i.USART_ReceiveData)
    USART_SendData                           0x010045cb   Thumb Code     8  cmt453x_usart.o(i.USART_SendData)
    __scatterload_copy                       0x010045d3   Thumb Code    14  handlers.o(i.__scatterload_copy)
    __scatterload_null                       0x010045e1   Thumb Code     2  handlers.o(i.__scatterload_null)
    __scatterload_zeroinit                   0x010045e3   Thumb Code    14  handlers.o(i.__scatterload_zeroinit)
    app_sched_event_put                      0x010045f1   Thumb Code   110  hp_scheduler.o(i.app_sched_event_put)
    app_sched_execute                        0x01004669   Thumb Code    60  hp_scheduler.o(i.app_sched_execute)
    app_sched_init                           0x010046a9   Thumb Code    42  hp_scheduler.o(i.app_sched_init)
    dfu_crc32                                0x010046d9   Thumb Code   136  dfu_crc.o(i.dfu_crc32)
    dfu_led_on                               0x01004775   Thumb Code    32  dfu_led.o(i.dfu_led_on)
    dfu_leds_config                          0x01004795   Thumb Code    78  dfu_led.o(i.dfu_leds_config)
    dfu_usart1_enable                        0x010047ed   Thumb Code    12  dfu_usart.o(i.dfu_usart1_enable)
    dfu_usart1_interrupt_config              0x010047fd   Thumb Code    34  dfu_usart.o(i.dfu_usart1_interrupt_config)
    dfu_usart1_send                          0x01004829   Thumb Code    42  dfu_usart.o(i.dfu_usart1_send)
    error_handler                            0x01004859   Thumb Code    28  hp_error.o(i.error_handler)
    hp_dfu_boot_force_usart_dfu              0x01004879   Thumb Code    82  hp_dfu_boot.o(i.hp_dfu_boot_force_usart_dfu)
    main                                     0x010048dd   Thumb Code    80  main.o(i.main)
    TRIM_READ_CMD_CODE                       0x01004a04   Data         320  system_cmt453x.o(.constdata)
    const_qflash_cmd                         0x01004b44   Data         804  cmt453x_qflash.o(.constdata)
    TRIM_WRITE_CMD_CODE                      0x01004e68   Data         512  cmt453x_qflash.o(.constdata)
    TRIM_ERASE_CMD_CODE                      0x01005068   Data         384  cmt453x_qflash.o(.constdata)
    OTP_LOCK                                 0x010051e8   Data         320  cmt453x_qflash.o(.constdata)
    Region$$Table$$Base                      0x01005328   Number         0  anon$$obj.o(Region$$Table)
    Region$$Table$$Limit                     0x01005348   Number         0  anon$$obj.o(Region$$Table)
    CMD_FLASH_SE                             0x20004000   Data           4  cmt453x_qflash.o(.data)
    CMD_FLASH_WRITE                          0x20004004   Data           4  cmt453x_qflash.o(.data)
    CMD_FLASH_READ                           0x20004008   Data           4  cmt453x_qflash.o(.data)
    trim_stored                              0x20004020   Data          52  system_cmt453x.o(.bss)
    __initial_sp                             0x20006010   Data           0  startup_cmt453x.o(STACK)



==============================================================================

Memory Map of the image

  Image Entry point : 0x010040c1

  Load Region LR_IROM1 (Base: 0x01004000, Size: 0x00001368, Max: 0x0001c000, ABSOLUTE)

    Execution Region ER_IROM1 (Exec base: 0x01004000, Load base: 0x01004000, Size: 0x00001348, Max: 0x0001c000, ABSOLUTE)

    Exec Addr    Load Addr    Size         Type   Attr      Idx    E Section Name        Object

    0x01004000   0x01004000   0x000000c0   Data   RO            3    RESET               startup_cmt453x.o
    0x010040c0   0x010040c0   0x00000000   Code   RO         1204  * .ARM.Collect$$$$00000000  mc_p.l(entry.o)
    0x010040c0   0x010040c0   0x00000004   Code   RO         1215    .ARM.Collect$$$$00000001  mc_p.l(entry2.o)
    0x010040c4   0x010040c4   0x00000004   Code   RO         1218    .ARM.Collect$$$$00000004  mc_p.l(entry5.o)
    0x010040c8   0x010040c8   0x00000000   Code   RO         1220    .ARM.Collect$$$$00000008  mc_p.l(entry7b.o)
    0x010040c8   0x010040c8   0x00000000   Code   RO         1222    .ARM.Collect$$$$0000000A  mc_p.l(entry8b.o)
    0x010040c8   0x010040c8   0x00000008   Code   RO         1223    .ARM.Collect$$$$0000000B  mc_p.l(entry9a.o)
    0x010040d0   0x010040d0   0x00000004   Code   RO         1230    .ARM.Collect$$$$0000000E  mc_p.l(entry12b.o)
    0x010040d4   0x010040d4   0x00000000   Code   RO         1225    .ARM.Collect$$$$0000000F  mc_p.l(entry10a.o)
    0x010040d4   0x010040d4   0x00000000   Code   RO         1227    .ARM.Collect$$$$00000011  mc_p.l(entry11a.o)
    0x010040d4   0x010040d4   0x00000004   Code   RO         1216    .ARM.Collect$$$$00002712  mc_p.l(entry2.o)
    0x010040d8   0x010040d8   0x0000000e   Code   RO           10    .emb_text           system_cmt453x.o
    0x010040e6   0x010040e6   0x00000002   PAD
    0x010040e8   0x010040e8   0x0000001c   Code   RO            4    .text               startup_cmt453x.o
    0x01004104   0x01004104   0x00000024   Code   RO         1209    .text               mc_p.l(memcpya.o)
    0x01004128   0x01004128   0x00000024   Code   RO         1211    .text               mc_p.l(memseta.o)
    0x0100414c   0x0100414c   0x00000024   Code   RO         1231    .text               mc_p.l(init.o)
    0x01004170   0x01004170   0x000000b8   Code   RO          304    i.GPIO_InitPeripheral  cmt453x_gpio.o
    0x01004228   0x01004228   0x00000004   Code   RO          310    i.GPIO_ResetBits    cmt453x_gpio.o
    0x0100422c   0x0100422c   0x00000004   Code   RO          311    i.GPIO_SetBits      cmt453x_gpio.o
    0x01004230   0x01004230   0x00000078   Code   RO          153    i.NVIC_Init         misc.o
    0x010042a8   0x010042a8   0x00000024   Code   RO          859    i.Qflash_Erase_Sector  cmt453x_qflash.o
    0x010042cc   0x010042cc   0x00000038   Code   RO          860    i.Qflash_Init       cmt453x_qflash.o
    0x01004304   0x01004304   0x00000024   Code   RO          862    i.Qflash_Write      cmt453x_qflash.o
    0x01004328   0x01004328   0x00000018   Code   RO          470    i.RCC_EnableAPB2PeriphClk  cmt453x_rcc.o
    0x01004340   0x01004340   0x00000164   Code   RO           14    i.SystemInit        system_cmt453x.o
    0x010044a4   0x010044a4   0x00000038   Code   RO           16    i.SystemTrimValueRead  system_cmt453x.o
    0x010044dc   0x010044dc   0x00000088   Code   RO          919    i.USART1_IRQHandler  main.o
    0x01004564   0x01004564   0x00000032   Code   RO          687    i.USART_ConfigInt   cmt453x_usart.o
    0x01004596   0x01004596   0x00000002   PAD
    0x01004598   0x01004598   0x0000001c   Code   RO          692    i.USART_Enable      cmt453x_usart.o
    0x010045b4   0x010045b4   0x0000000e   Code   RO          699    i.USART_GetFlagStatus  cmt453x_usart.o
    0x010045c2   0x010045c2   0x00000008   Code   RO          702    i.USART_ReceiveData  cmt453x_usart.o
    0x010045ca   0x010045ca   0x00000008   Code   RO          704    i.USART_SendData    cmt453x_usart.o
    0x010045d2   0x010045d2   0x0000000e   Code   RO         1235    i.__scatterload_copy  mc_p.l(handlers.o)
    0x010045e0   0x010045e0   0x00000002   Code   RO         1236    i.__scatterload_null  mc_p.l(handlers.o)
    0x010045e2   0x010045e2   0x0000000e   Code   RO         1237    i.__scatterload_zeroinit  mc_p.l(handlers.o)
    0x010045f0   0x010045f0   0x00000078   Code   RO          995    i.app_sched_event_put  hp_scheduler.o
    0x01004668   0x01004668   0x00000040   Code   RO          996    i.app_sched_execute  hp_scheduler.o
    0x010046a8   0x010046a8   0x00000030   Code   RO          997    i.app_sched_init    hp_scheduler.o
    0x010046d8   0x010046d8   0x0000009c   Code   RO         1126    i.dfu_crc32         dfu_crc.o
    0x01004774   0x01004774   0x00000020   Code   RO         1093    i.dfu_led_on        dfu_led.o
    0x01004794   0x01004794   0x00000058   Code   RO         1095    i.dfu_leds_config   dfu_led.o
    0x010047ec   0x010047ec   0x00000010   Code   RO         1030    i.dfu_usart1_enable  dfu_usart.o
    0x010047fc   0x010047fc   0x0000002c   Code   RO         1031    i.dfu_usart1_interrupt_config  dfu_usart.o
    0x01004828   0x01004828   0x00000030   Code   RO         1035    i.dfu_usart1_send   dfu_usart.o
    0x01004858   0x01004858   0x00000020   Code   RO          976    i.error_handler     hp_error.o
    0x01004878   0x01004878   0x00000064   Code   RO         1167    i.hp_dfu_boot_force_usart_dfu  hp_dfu_boot.o
    0x010048dc   0x010048dc   0x00000068   Code   RO          920    i.main              main.o
    0x01004944   0x01004944   0x000000c0   Code   RO          921    i.sched_evt         main.o
    0x01004a04   0x01004a04   0x00000140   Data   RO           19    .constdata          system_cmt453x.o
    0x01004b44   0x01004b44   0x000007e4   Data   RO          864    .constdata          cmt453x_qflash.o
    0x01005328   0x01005328   0x00000020   Data   RO         1233    Region$$Table       anon$$obj.o


    Execution Region RW_IRAM1 (Exec base: 0x20004000, Load base: 0x01005348, Size: 0x00002010, Max: 0x00008000, ABSOLUTE)

    Exec Addr    Load Addr    Size         Type   Attr      Idx    E Section Name        Object

    0x20004000   0x01005348   0x0000000c   Data   RW          865    .data               cmt453x_qflash.o
    0x2000400c   0x01005354   0x00000004   Data   RW          923    .data               main.o
    0x20004010   0x01005358   0x00000010   Data   RW          999    .data               hp_scheduler.o
    0x20004020        -       0x00000034   Zero   RW           18    .bss                system_cmt453x.o
    0x20004054        -       0x00000328   Zero   RW          863    .bss                cmt453x_qflash.o
    0x2000437c        -       0x00001488   Zero   RW          922    .bss                main.o
    0x20005804        -       0x0000000c   Zero   RW          977    .bss                hp_error.o
    0x20005810        -       0x00000800   Zero   RW            1    STACK               startup_cmt453x.o



  Load Region LR$$.ARM.__AT_0x01002000 (Base: 0x01002000, Size: 0x00000000, Max: 0x000000c0, ABSOLUTE)

    Execution Region ER$$.ARM.__AT_0x01002000 (Exec base: 0x01002000, Load base: 0x01002000, Size: 0x000000c0, Max: 0x000000c0, ABSOLUTE, UNINIT)

    Exec Addr    Load Addr    Size         Type   Attr      Idx    E Section Name        Object

    0x01002000        -       0x000000c0   Zero   RW         1169    .ARM.__AT_0x01002000  hp_dfu_boot.o


==============================================================================

Image component sizes


      Code (inc. data)   RO Data    RW Data    ZI Data      Debug   Object Name

       192          0          0          0          0       3026   cmt453x_gpio.o
       128         38       2020         12        808       4560   cmt453x_qflash.o
        24          6          0          0          0        686   cmt453x_rcc.o
       108          6          0          0          0       5096   cmt453x_usart.o
       156         20          0          0          0       1376   dfu_crc.o
       120         10          0          0          0       1547   dfu_led.o
       108         20          0          0          0       2579   dfu_usart.o
       100         18          0          0        192       8523   hp_dfu_boot.o
        32          4          0          0         12       3152   hp_error.o
       232         20          0         16          0       4611   hp_scheduler.o
       432         82          0          4       5256       4523   main.o
       120         18          0          0          0       7168   misc.o
        28          8        192          0       2048        768   startup_cmt453x.o
       426         42        320          0         52     108924   system_cmt453x.o

    ----------------------------------------------------------------------
      2210        292       2564         32       8368     156539   Object Totals
         0          0         32          0          0          0   (incl. Generated)
         4          0          0          0          0          0   (incl. Padding)

    ----------------------------------------------------------------------

      Code (inc. data)   RO Data    RW Data    ZI Data      Debug   Library Member Name

         0          0          0          0          0          0   entry.o
         0          0          0          0          0          0   entry10a.o
         0          0          0          0          0          0   entry11a.o
         4          0          0          0          0          0   entry12b.o
         8          4          0          0          0          0   entry2.o
         4          0          0          0          0          0   entry5.o
         0          0          0          0          0          0   entry7b.o
         0          0          0          0          0          0   entry8b.o
         8          4          0          0          0          0   entry9a.o
        30          0          0          0          0          0   handlers.o
        36          8          0          0          0         68   init.o
        36          0          0          0          0         60   memcpya.o
        36          0          0          0          0        100   memseta.o

    ----------------------------------------------------------------------
       162         16          0          0          0        228   Library Totals
         0          0          0          0          0          0   (incl. Padding)

    ----------------------------------------------------------------------

      Code (inc. data)   RO Data    RW Data    ZI Data      Debug   Library Name

       162         16          0          0          0        228   mc_p.l

    ----------------------------------------------------------------------
       162         16          0          0          0        228   Library Totals

    ----------------------------------------------------------------------

==============================================================================


      Code (inc. data)   RO Data    RW Data    ZI Data      Debug   

      2372        308       2564         32       8368     155723   Grand Totals
      2372        308       2564         32       8368     155723   ELF Image Totals
      2372        308       2564         32          0          0   ROM Totals

==============================================================================

    Total RO  Size (Code + RO Data)                 4936 (   4.82kB)
    Total RW  Size (RW Data + ZI Data)              8400 (   8.20kB)
    Total ROM Size (Code + RO Data + RW Data)       4968 (   4.85kB)

==============================================================================

