<!doctype html public "-//w3c//dtd html 4.0 transitional//en">
<html><head>
<title>Static Call Graph - [.\Objects\app_usart.axf]</title></head>
<body><HR>
<H1>Static Call Graph for image .\Objects\app_usart.axf</H1><HR>
<BR><P>#&#060CALLGRAPH&#062# ARM Linker, 5060960: Last Updated: Mon Dec 09 11:37:26 2024
<BR><P>
<H3>Maximum Stack Usage =        376 bytes + Unknown(Cycles, Untraceable Function Pointers)</H3><H3>
Call chain for Maximum Stack Depth:</H3>
SystemInit &rArr; SystemTrimValueRead
<P>
<H3>
Mutually Recursive functions
</H3> <LI><a href="#[1]">NMI_Handler</a>&nbsp;&nbsp;&nbsp;&rArr;&nbsp;&nbsp;&nbsp;<a href="#[1]">NMI_Handler</a><BR>
 <LI><a href="#[2]">HardFault_Handler</a>&nbsp;&nbsp;&nbsp;&rArr;&nbsp;&nbsp;&nbsp;<a href="#[2]">HardFault_Handler</a><BR>
 <LI><a href="#[3]">SVC_Handler</a>&nbsp;&nbsp;&nbsp;&rArr;&nbsp;&nbsp;&nbsp;<a href="#[3]">SVC_Handler</a><BR>
 <LI><a href="#[4]">PendSV_Handler</a>&nbsp;&nbsp;&nbsp;&rArr;&nbsp;&nbsp;&nbsp;<a href="#[4]">PendSV_Handler</a><BR>
 <LI><a href="#[5]">SysTick_Handler</a>&nbsp;&nbsp;&nbsp;&rArr;&nbsp;&nbsp;&nbsp;<a href="#[5]">SysTick_Handler</a><BR>
 <LI><a href="#[1b]">ADC_IRQHandler</a>&nbsp;&nbsp;&nbsp;&rArr;&nbsp;&nbsp;&nbsp;<a href="#[1b]">ADC_IRQHandler</a><BR>
 <LI><a href="#[2e]">system_delay_cycles</a>&nbsp;&nbsp;&nbsp;&rArr;&nbsp;&nbsp;&nbsp;<a href="#[2e]">system_delay_cycles</a><BR>
</UL>
<P>
<H3>
Function Pointers
</H3><UL>
 <LI><a href="#[1b]">ADC_IRQHandler</a> from startup_cmt453x.o(.text) referenced from startup_cmt453x.o(RESET)
 <LI><a href="#[18]">BLE_CRYPT_IRQHandler</a> from startup_cmt453x.o(.text) referenced from startup_cmt453x.o(RESET)
 <LI><a href="#[17]">BLE_ERROR_IRQHandler</a> from startup_cmt453x.o(.text) referenced from startup_cmt453x.o(RESET)
 <LI><a href="#[10]">BLE_FIFO_IRQHandler</a> from startup_cmt453x.o(.text) referenced from startup_cmt453x.o(RESET)
 <LI><a href="#[f]">BLE_FINETGT_IRQHandler</a> from startup_cmt453x.o(.text) referenced from startup_cmt453x.o(RESET)
 <LI><a href="#[9]">BLE_HSLOT_IRQHandler</a> from startup_cmt453x.o(.text) referenced from startup_cmt453x.o(RESET)
 <LI><a href="#[20]">BLE_SLP_IRQHandler</a> from startup_cmt453x.o(.text) referenced from startup_cmt453x.o(RESET)
 <LI><a href="#[7]">BLE_SW_IRQHandler</a> from startup_cmt453x.o(.text) referenced from startup_cmt453x.o(RESET)
 <LI><a href="#[19]">BLE_TIMESTAMP_TGT1_IRQHandler</a> from startup_cmt453x.o(.text) referenced from startup_cmt453x.o(RESET)
 <LI><a href="#[1e]">BLE_TIMESTAMP_TGT2_IRQHandler</a> from startup_cmt453x.o(.text) referenced from startup_cmt453x.o(RESET)
 <LI><a href="#[11]">DMA_Channel1_2_3_4_IRQHandler</a> from startup_cmt453x.o(.text) referenced from startup_cmt453x.o(RESET)
 <LI><a href="#[12]">DMA_Channel5_IRQHandler</a> from startup_cmt453x.o(.text) referenced from startup_cmt453x.o(RESET)
 <LI><a href="#[c]">EXTI0_1_IRQHandler</a> from startup_cmt453x.o(.text) referenced from startup_cmt453x.o(RESET)
 <LI><a href="#[d]">EXTI2_3_IRQHandler</a> from startup_cmt453x.o(.text) referenced from startup_cmt453x.o(RESET)
 <LI><a href="#[e]">EXTI4_12_IRQHandler</a> from startup_cmt453x.o(.text) referenced from startup_cmt453x.o(RESET)
 <LI><a href="#[a]">FLASH_IRQHandler</a> from startup_cmt453x.o(.text) referenced from startup_cmt453x.o(RESET)
 <LI><a href="#[2]">HardFault_Handler</a> from startup_cmt453x.o(.text) referenced from startup_cmt453x.o(RESET)
 <LI><a href="#[1d]">I2C1_IRQHandler</a> from startup_cmt453x.o(.text) referenced from startup_cmt453x.o(RESET)
 <LI><a href="#[25]">IRC_IRQHandler</a> from startup_cmt453x.o(.text) referenced from startup_cmt453x.o(RESET)
 <LI><a href="#[21]">KEYSCAN_IRQHandler</a> from startup_cmt453x.o(.text) referenced from startup_cmt453x.o(RESET)
 <LI><a href="#[23]">LPUART1_IRQHandler</a> from startup_cmt453x.o(.text) referenced from startup_cmt453x.o(RESET)
 <LI><a href="#[1]">NMI_Handler</a> from startup_cmt453x.o(.text) referenced from startup_cmt453x.o(RESET)
 <LI><a href="#[4]">PendSV_Handler</a> from startup_cmt453x.o(.text) referenced from startup_cmt453x.o(RESET)
 <LI><a href="#[b]">RCC_IRQHandler</a> from startup_cmt453x.o(.text) referenced from startup_cmt453x.o(RESET)
 <LI><a href="#[15]">RESERVED_IRQHandler</a> from startup_cmt453x.o(.text) referenced from startup_cmt453x.o(RESET)
 <LI><a href="#[8]">RTC_IRQHandler</a> from startup_cmt453x.o(.text) referenced from startup_cmt453x.o(RESET)
 <LI><a href="#[0]">Reset_Handler</a> from startup_cmt453x.o(.text) referenced from startup_cmt453x.o(RESET)
 <LI><a href="#[1f]">SPI1_IRQHandler</a> from startup_cmt453x.o(.text) referenced from startup_cmt453x.o(RESET)
 <LI><a href="#[1c]">SPI2_IRQHandler</a> from startup_cmt453x.o(.text) referenced from startup_cmt453x.o(RESET)
 <LI><a href="#[3]">SVC_Handler</a> from startup_cmt453x.o(.text) referenced from startup_cmt453x.o(RESET)
 <LI><a href="#[5]">SysTick_Handler</a> from startup_cmt453x.o(.text) referenced from startup_cmt453x.o(RESET)
 <LI><a href="#[27]">SystemInit</a> from system_cmt453x.o(i.SystemInit) referenced from startup_cmt453x.o(.text)
 <LI><a href="#[13]">TIM1_BRK_UP_TRG_COM_IRQHandler</a> from startup_cmt453x.o(.text) referenced from startup_cmt453x.o(RESET)
 <LI><a href="#[14]">TIM1_CC_IRQHandler</a> from startup_cmt453x.o(.text) referenced from startup_cmt453x.o(RESET)
 <LI><a href="#[16]">TIM3_IRQHandler</a> from startup_cmt453x.o(.text) referenced from startup_cmt453x.o(RESET)
 <LI><a href="#[1a]">TIM6_IRQHandler</a> from startup_cmt453x.o(.text) referenced from startup_cmt453x.o(RESET)
 <LI><a href="#[22]">USART1_IRQHandler</a> from main.o(i.USART1_IRQHandler) referenced from startup_cmt453x.o(RESET)
 <LI><a href="#[24]">USART2_IRQHandler</a> from startup_cmt453x.o(.text) referenced from startup_cmt453x.o(RESET)
 <LI><a href="#[6]">WWDG_IRQHandler</a> from startup_cmt453x.o(.text) referenced from startup_cmt453x.o(RESET)
 <LI><a href="#[28]">__main</a> from entry.o(.ARM.Collect$$$$00000000) referenced from startup_cmt453x.o(.text)
 <LI><a href="#[26]">main</a> from main.o(i.main) referenced from entry9a.o(.ARM.Collect$$$$0000000B)
 <LI><a href="#[29]">sched_evt</a> from main.o(i.sched_evt) referenced from main.o(i.USART1_IRQHandler)
</UL>
<P>
<H3>
Global Symbols
</H3>
<P><STRONG><a name="[28]"></a>__main</STRONG> (Thumb, 0 bytes, Stack size unknown bytes, entry.o(.ARM.Collect$$$$00000000))
<BR>[Address Reference Count : 1]<UL><LI> startup_cmt453x.o(.text)
</UL>
<P><STRONG><a name="[4f]"></a>_main_stk</STRONG> (Thumb, 0 bytes, Stack size unknown bytes, entry2.o(.ARM.Collect$$$$00000001))

<P><STRONG><a name="[2a]"></a>_main_scatterload</STRONG> (Thumb, 0 bytes, Stack size unknown bytes, entry5.o(.ARM.Collect$$$$00000004))
<BR><BR>[Calls]<UL><LI><a href="#[2b]">&gt;&gt;</a>&nbsp;&nbsp;&nbsp;__scatterload
</UL>

<P><STRONG><a name="[32]"></a>__main_after_scatterload</STRONG> (Thumb, 0 bytes, Stack size unknown bytes, entry5.o(.ARM.Collect$$$$00000004))
<BR><BR>[Called By]<UL><LI><a href="#[2b]">&gt;&gt;</a>&nbsp;&nbsp;&nbsp;__scatterload
</UL>

<P><STRONG><a name="[50]"></a>_main_clock</STRONG> (Thumb, 0 bytes, Stack size unknown bytes, entry7b.o(.ARM.Collect$$$$00000008))

<P><STRONG><a name="[51]"></a>_main_cpp_init</STRONG> (Thumb, 0 bytes, Stack size unknown bytes, entry8b.o(.ARM.Collect$$$$0000000A))

<P><STRONG><a name="[52]"></a>_main_init</STRONG> (Thumb, 0 bytes, Stack size unknown bytes, entry9a.o(.ARM.Collect$$$$0000000B))

<P><STRONG><a name="[2c]"></a>__rt_lib_shutdown_fini</STRONG> (Thumb, 0 bytes, Stack size unknown bytes, entry12b.o(.ARM.Collect$$$$0000000E))
<BR><BR>[Calls]<UL><LI><a href="#[2d]">&gt;&gt;</a>&nbsp;&nbsp;&nbsp;__arm_fini_ (Weak Reference)
</UL>

<P><STRONG><a name="[53]"></a>__rt_final_cpp</STRONG> (Thumb, 0 bytes, Stack size unknown bytes, entry10a.o(.ARM.Collect$$$$0000000F))

<P><STRONG><a name="[54]"></a>__rt_final_exit</STRONG> (Thumb, 0 bytes, Stack size unknown bytes, entry11a.o(.ARM.Collect$$$$00000011))

<P><STRONG><a name="[55]"></a>__asm___16_system_cmt453x_c_f233b82c____REV16</STRONG> (Thumb, 4 bytes, Stack size 0 bytes, system_cmt453x.o(.emb_text), UNUSED)

<P><STRONG><a name="[56]"></a>__asm___16_system_cmt453x_c_f233b82c____REVSH</STRONG> (Thumb, 4 bytes, Stack size 0 bytes, system_cmt453x.o(.emb_text), UNUSED)

<P><STRONG><a name="[2e]"></a>system_delay_cycles</STRONG> (Thumb, 6 bytes, Stack size 0 bytes, system_cmt453x.o(.emb_text))
<BR><BR>[Calls]<UL><LI><a href="#[2e]">&gt;&gt;</a>&nbsp;&nbsp;&nbsp;system_delay_cycles
</UL>
<BR>[Called By]<UL><LI><a href="#[2e]">&gt;&gt;</a>&nbsp;&nbsp;&nbsp;system_delay_cycles
<LI><a href="#[27]">&gt;&gt;</a>&nbsp;&nbsp;&nbsp;SystemInit
</UL>

<P><STRONG><a name="[0]"></a>Reset_Handler</STRONG> (Thumb, 8 bytes, Stack size 0 bytes, startup_cmt453x.o(.text))
<BR>[Address Reference Count : 1]<UL><LI> startup_cmt453x.o(RESET)
</UL>
<P><STRONG><a name="[1]"></a>NMI_Handler</STRONG> (Thumb, 2 bytes, Stack size 0 bytes, startup_cmt453x.o(.text))
<BR><BR>[Calls]<UL><LI><a href="#[1]">&gt;&gt;</a>&nbsp;&nbsp;&nbsp;NMI_Handler
</UL>
<BR>[Called By]<UL><LI><a href="#[1]">&gt;&gt;</a>&nbsp;&nbsp;&nbsp;NMI_Handler
</UL>
<BR>[Address Reference Count : 1]<UL><LI> startup_cmt453x.o(RESET)
</UL>
<P><STRONG><a name="[2]"></a>HardFault_Handler</STRONG> (Thumb, 2 bytes, Stack size 0 bytes, startup_cmt453x.o(.text))
<BR><BR>[Calls]<UL><LI><a href="#[2]">&gt;&gt;</a>&nbsp;&nbsp;&nbsp;HardFault_Handler
</UL>
<BR>[Called By]<UL><LI><a href="#[2]">&gt;&gt;</a>&nbsp;&nbsp;&nbsp;HardFault_Handler
</UL>
<BR>[Address Reference Count : 1]<UL><LI> startup_cmt453x.o(RESET)
</UL>
<P><STRONG><a name="[3]"></a>SVC_Handler</STRONG> (Thumb, 2 bytes, Stack size 0 bytes, startup_cmt453x.o(.text))
<BR><BR>[Calls]<UL><LI><a href="#[3]">&gt;&gt;</a>&nbsp;&nbsp;&nbsp;SVC_Handler
</UL>
<BR>[Called By]<UL><LI><a href="#[3]">&gt;&gt;</a>&nbsp;&nbsp;&nbsp;SVC_Handler
</UL>
<BR>[Address Reference Count : 1]<UL><LI> startup_cmt453x.o(RESET)
</UL>
<P><STRONG><a name="[4]"></a>PendSV_Handler</STRONG> (Thumb, 2 bytes, Stack size 0 bytes, startup_cmt453x.o(.text))
<BR><BR>[Calls]<UL><LI><a href="#[4]">&gt;&gt;</a>&nbsp;&nbsp;&nbsp;PendSV_Handler
</UL>
<BR>[Called By]<UL><LI><a href="#[4]">&gt;&gt;</a>&nbsp;&nbsp;&nbsp;PendSV_Handler
</UL>
<BR>[Address Reference Count : 1]<UL><LI> startup_cmt453x.o(RESET)
</UL>
<P><STRONG><a name="[5]"></a>SysTick_Handler</STRONG> (Thumb, 2 bytes, Stack size 0 bytes, startup_cmt453x.o(.text))
<BR><BR>[Calls]<UL><LI><a href="#[5]">&gt;&gt;</a>&nbsp;&nbsp;&nbsp;SysTick_Handler
</UL>
<BR>[Called By]<UL><LI><a href="#[5]">&gt;&gt;</a>&nbsp;&nbsp;&nbsp;SysTick_Handler
</UL>
<BR>[Address Reference Count : 1]<UL><LI> startup_cmt453x.o(RESET)
</UL>
<P><STRONG><a name="[1b]"></a>ADC_IRQHandler</STRONG> (Thumb, 0 bytes, Stack size 0 bytes, startup_cmt453x.o(.text))
<BR><BR>[Calls]<UL><LI><a href="#[1b]">&gt;&gt;</a>&nbsp;&nbsp;&nbsp;ADC_IRQHandler
</UL>
<BR>[Called By]<UL><LI><a href="#[1b]">&gt;&gt;</a>&nbsp;&nbsp;&nbsp;ADC_IRQHandler
</UL>
<BR>[Address Reference Count : 1]<UL><LI> startup_cmt453x.o(RESET)
</UL>
<P><STRONG><a name="[18]"></a>BLE_CRYPT_IRQHandler</STRONG> (Thumb, 0 bytes, Stack size 0 bytes, startup_cmt453x.o(.text))
<BR>[Address Reference Count : 1]<UL><LI> startup_cmt453x.o(RESET)
</UL>
<P><STRONG><a name="[17]"></a>BLE_ERROR_IRQHandler</STRONG> (Thumb, 0 bytes, Stack size 0 bytes, startup_cmt453x.o(.text))
<BR>[Address Reference Count : 1]<UL><LI> startup_cmt453x.o(RESET)
</UL>
<P><STRONG><a name="[10]"></a>BLE_FIFO_IRQHandler</STRONG> (Thumb, 0 bytes, Stack size 0 bytes, startup_cmt453x.o(.text))
<BR>[Address Reference Count : 1]<UL><LI> startup_cmt453x.o(RESET)
</UL>
<P><STRONG><a name="[f]"></a>BLE_FINETGT_IRQHandler</STRONG> (Thumb, 0 bytes, Stack size 0 bytes, startup_cmt453x.o(.text))
<BR>[Address Reference Count : 1]<UL><LI> startup_cmt453x.o(RESET)
</UL>
<P><STRONG><a name="[9]"></a>BLE_HSLOT_IRQHandler</STRONG> (Thumb, 0 bytes, Stack size 0 bytes, startup_cmt453x.o(.text))
<BR>[Address Reference Count : 1]<UL><LI> startup_cmt453x.o(RESET)
</UL>
<P><STRONG><a name="[20]"></a>BLE_SLP_IRQHandler</STRONG> (Thumb, 0 bytes, Stack size 0 bytes, startup_cmt453x.o(.text))
<BR>[Address Reference Count : 1]<UL><LI> startup_cmt453x.o(RESET)
</UL>
<P><STRONG><a name="[7]"></a>BLE_SW_IRQHandler</STRONG> (Thumb, 0 bytes, Stack size 0 bytes, startup_cmt453x.o(.text))
<BR>[Address Reference Count : 1]<UL><LI> startup_cmt453x.o(RESET)
</UL>
<P><STRONG><a name="[19]"></a>BLE_TIMESTAMP_TGT1_IRQHandler</STRONG> (Thumb, 0 bytes, Stack size 0 bytes, startup_cmt453x.o(.text))
<BR>[Address Reference Count : 1]<UL><LI> startup_cmt453x.o(RESET)
</UL>
<P><STRONG><a name="[1e]"></a>BLE_TIMESTAMP_TGT2_IRQHandler</STRONG> (Thumb, 0 bytes, Stack size 0 bytes, startup_cmt453x.o(.text))
<BR>[Address Reference Count : 1]<UL><LI> startup_cmt453x.o(RESET)
</UL>
<P><STRONG><a name="[11]"></a>DMA_Channel1_2_3_4_IRQHandler</STRONG> (Thumb, 0 bytes, Stack size 0 bytes, startup_cmt453x.o(.text))
<BR>[Address Reference Count : 1]<UL><LI> startup_cmt453x.o(RESET)
</UL>
<P><STRONG><a name="[12]"></a>DMA_Channel5_IRQHandler</STRONG> (Thumb, 0 bytes, Stack size 0 bytes, startup_cmt453x.o(.text))
<BR>[Address Reference Count : 1]<UL><LI> startup_cmt453x.o(RESET)
</UL>
<P><STRONG><a name="[c]"></a>EXTI0_1_IRQHandler</STRONG> (Thumb, 0 bytes, Stack size 0 bytes, startup_cmt453x.o(.text))
<BR>[Address Reference Count : 1]<UL><LI> startup_cmt453x.o(RESET)
</UL>
<P><STRONG><a name="[d]"></a>EXTI2_3_IRQHandler</STRONG> (Thumb, 0 bytes, Stack size 0 bytes, startup_cmt453x.o(.text))
<BR>[Address Reference Count : 1]<UL><LI> startup_cmt453x.o(RESET)
</UL>
<P><STRONG><a name="[e]"></a>EXTI4_12_IRQHandler</STRONG> (Thumb, 0 bytes, Stack size 0 bytes, startup_cmt453x.o(.text))
<BR>[Address Reference Count : 1]<UL><LI> startup_cmt453x.o(RESET)
</UL>
<P><STRONG><a name="[a]"></a>FLASH_IRQHandler</STRONG> (Thumb, 0 bytes, Stack size 0 bytes, startup_cmt453x.o(.text))
<BR>[Address Reference Count : 1]<UL><LI> startup_cmt453x.o(RESET)
</UL>
<P><STRONG><a name="[1d]"></a>I2C1_IRQHandler</STRONG> (Thumb, 0 bytes, Stack size 0 bytes, startup_cmt453x.o(.text))
<BR>[Address Reference Count : 1]<UL><LI> startup_cmt453x.o(RESET)
</UL>
<P><STRONG><a name="[25]"></a>IRC_IRQHandler</STRONG> (Thumb, 0 bytes, Stack size 0 bytes, startup_cmt453x.o(.text))
<BR>[Address Reference Count : 1]<UL><LI> startup_cmt453x.o(RESET)
</UL>
<P><STRONG><a name="[21]"></a>KEYSCAN_IRQHandler</STRONG> (Thumb, 0 bytes, Stack size 0 bytes, startup_cmt453x.o(.text))
<BR>[Address Reference Count : 1]<UL><LI> startup_cmt453x.o(RESET)
</UL>
<P><STRONG><a name="[23]"></a>LPUART1_IRQHandler</STRONG> (Thumb, 0 bytes, Stack size 0 bytes, startup_cmt453x.o(.text))
<BR>[Address Reference Count : 1]<UL><LI> startup_cmt453x.o(RESET)
</UL>
<P><STRONG><a name="[b]"></a>RCC_IRQHandler</STRONG> (Thumb, 0 bytes, Stack size 0 bytes, startup_cmt453x.o(.text))
<BR>[Address Reference Count : 1]<UL><LI> startup_cmt453x.o(RESET)
</UL>
<P><STRONG><a name="[15]"></a>RESERVED_IRQHandler</STRONG> (Thumb, 0 bytes, Stack size 0 bytes, startup_cmt453x.o(.text))
<BR>[Address Reference Count : 1]<UL><LI> startup_cmt453x.o(RESET)
</UL>
<P><STRONG><a name="[8]"></a>RTC_IRQHandler</STRONG> (Thumb, 0 bytes, Stack size 0 bytes, startup_cmt453x.o(.text))
<BR>[Address Reference Count : 1]<UL><LI> startup_cmt453x.o(RESET)
</UL>
<P><STRONG><a name="[1f]"></a>SPI1_IRQHandler</STRONG> (Thumb, 0 bytes, Stack size 0 bytes, startup_cmt453x.o(.text))
<BR>[Address Reference Count : 1]<UL><LI> startup_cmt453x.o(RESET)
</UL>
<P><STRONG><a name="[1c]"></a>SPI2_IRQHandler</STRONG> (Thumb, 0 bytes, Stack size 0 bytes, startup_cmt453x.o(.text))
<BR>[Address Reference Count : 1]<UL><LI> startup_cmt453x.o(RESET)
</UL>
<P><STRONG><a name="[13]"></a>TIM1_BRK_UP_TRG_COM_IRQHandler</STRONG> (Thumb, 0 bytes, Stack size 0 bytes, startup_cmt453x.o(.text))
<BR>[Address Reference Count : 1]<UL><LI> startup_cmt453x.o(RESET)
</UL>
<P><STRONG><a name="[14]"></a>TIM1_CC_IRQHandler</STRONG> (Thumb, 0 bytes, Stack size 0 bytes, startup_cmt453x.o(.text))
<BR>[Address Reference Count : 1]<UL><LI> startup_cmt453x.o(RESET)
</UL>
<P><STRONG><a name="[16]"></a>TIM3_IRQHandler</STRONG> (Thumb, 0 bytes, Stack size 0 bytes, startup_cmt453x.o(.text))
<BR>[Address Reference Count : 1]<UL><LI> startup_cmt453x.o(RESET)
</UL>
<P><STRONG><a name="[1a]"></a>TIM6_IRQHandler</STRONG> (Thumb, 0 bytes, Stack size 0 bytes, startup_cmt453x.o(.text))
<BR>[Address Reference Count : 1]<UL><LI> startup_cmt453x.o(RESET)
</UL>
<P><STRONG><a name="[24]"></a>USART2_IRQHandler</STRONG> (Thumb, 0 bytes, Stack size 0 bytes, startup_cmt453x.o(.text))
<BR>[Address Reference Count : 1]<UL><LI> startup_cmt453x.o(RESET)
</UL>
<P><STRONG><a name="[6]"></a>WWDG_IRQHandler</STRONG> (Thumb, 0 bytes, Stack size 0 bytes, startup_cmt453x.o(.text))
<BR>[Address Reference Count : 1]<UL><LI> startup_cmt453x.o(RESET)
</UL>
<P><STRONG><a name="[34]"></a>__aeabi_memcpy</STRONG> (Thumb, 36 bytes, Stack size 0 bytes, memcpya.o(.text))
<BR><BR>[Called By]<UL><LI><a href="#[35]">&gt;&gt;</a>&nbsp;&nbsp;&nbsp;SystemTrimValueRead
<LI><a href="#[3a]">&gt;&gt;</a>&nbsp;&nbsp;&nbsp;app_sched_event_put
<LI><a href="#[29]">&gt;&gt;</a>&nbsp;&nbsp;&nbsp;sched_evt
<LI><a href="#[33]">&gt;&gt;</a>&nbsp;&nbsp;&nbsp;Qflash_Init
</UL>

<P><STRONG><a name="[39]"></a>__aeabi_memcpy4</STRONG> (Thumb, 0 bytes, Stack size 0 bytes, memcpya.o(.text))
<BR><BR>[Called By]<UL><LI><a href="#[49]">&gt;&gt;</a>&nbsp;&nbsp;&nbsp;hp_dfu_boot_force_usart_dfu
<LI><a href="#[22]">&gt;&gt;</a>&nbsp;&nbsp;&nbsp;USART1_IRQHandler
</UL>

<P><STRONG><a name="[57]"></a>__aeabi_memcpy8</STRONG> (Thumb, 0 bytes, Stack size 0 bytes, memcpya.o(.text), UNUSED)

<P><STRONG><a name="[30]"></a>__aeabi_memset</STRONG> (Thumb, 14 bytes, Stack size 0 bytes, memseta.o(.text), UNUSED)
<BR><BR>[Called By]<UL><LI><a href="#[31]">&gt;&gt;</a>&nbsp;&nbsp;&nbsp;_memset$wrapper
<LI><a href="#[2f]">&gt;&gt;</a>&nbsp;&nbsp;&nbsp;__aeabi_memclr
</UL>

<P><STRONG><a name="[58]"></a>__aeabi_memset4</STRONG> (Thumb, 0 bytes, Stack size 0 bytes, memseta.o(.text), UNUSED)

<P><STRONG><a name="[59]"></a>__aeabi_memset8</STRONG> (Thumb, 0 bytes, Stack size 0 bytes, memseta.o(.text), UNUSED)

<P><STRONG><a name="[2f]"></a>__aeabi_memclr</STRONG> (Thumb, 4 bytes, Stack size 0 bytes, memseta.o(.text), UNUSED)
<BR><BR>[Calls]<UL><LI><a href="#[30]">&gt;&gt;</a>&nbsp;&nbsp;&nbsp;__aeabi_memset
</UL>

<P><STRONG><a name="[38]"></a>__aeabi_memclr4</STRONG> (Thumb, 0 bytes, Stack size 0 bytes, memseta.o(.text))
<BR><BR>[Called By]<UL><LI><a href="#[22]">&gt;&gt;</a>&nbsp;&nbsp;&nbsp;USART1_IRQHandler
<LI><a href="#[29]">&gt;&gt;</a>&nbsp;&nbsp;&nbsp;sched_evt
</UL>

<P><STRONG><a name="[5a]"></a>__aeabi_memclr8</STRONG> (Thumb, 0 bytes, Stack size 0 bytes, memseta.o(.text), UNUSED)

<P><STRONG><a name="[31]"></a>_memset$wrapper</STRONG> (Thumb, 18 bytes, Stack size 8 bytes, memseta.o(.text), UNUSED)
<BR><BR>[Calls]<UL><LI><a href="#[30]">&gt;&gt;</a>&nbsp;&nbsp;&nbsp;__aeabi_memset
</UL>

<P><STRONG><a name="[2b]"></a>__scatterload</STRONG> (Thumb, 28 bytes, Stack size 0 bytes, init.o(.text))
<BR><BR>[Calls]<UL><LI><a href="#[32]">&gt;&gt;</a>&nbsp;&nbsp;&nbsp;__main_after_scatterload
</UL>
<BR>[Called By]<UL><LI><a href="#[2a]">&gt;&gt;</a>&nbsp;&nbsp;&nbsp;_main_scatterload
</UL>

<P><STRONG><a name="[5b]"></a>__scatterload_rt2</STRONG> (Thumb, 0 bytes, Stack size 0 bytes, init.o(.text), UNUSED)

<P><STRONG><a name="[40]"></a>GPIO_InitPeripheral</STRONG> (Thumb, 184 bytes, Stack size 16 bytes, cmt453x_gpio.o(i.GPIO_InitPeripheral))
<BR><BR>[Stack]<UL><LI>Max Depth = 16<LI>Call Chain = GPIO_InitPeripheral
</UL>
<BR>[Called By]<UL><LI><a href="#[3f]">&gt;&gt;</a>&nbsp;&nbsp;&nbsp;dfu_leds_config
</UL>

<P><STRONG><a name="[41]"></a>GPIO_ResetBits</STRONG> (Thumb, 4 bytes, Stack size 0 bytes, cmt453x_gpio.o(i.GPIO_ResetBits))
<BR><BR>[Called By]<UL><LI><a href="#[3f]">&gt;&gt;</a>&nbsp;&nbsp;&nbsp;dfu_leds_config
</UL>

<P><STRONG><a name="[3e]"></a>GPIO_SetBits</STRONG> (Thumb, 4 bytes, Stack size 0 bytes, cmt453x_gpio.o(i.GPIO_SetBits))
<BR><BR>[Called By]<UL><LI><a href="#[3c]">&gt;&gt;</a>&nbsp;&nbsp;&nbsp;dfu_led_on
</UL>

<P><STRONG><a name="[45]"></a>NVIC_Init</STRONG> (Thumb, 102 bytes, Stack size 4 bytes, misc.o(i.NVIC_Init))
<BR><BR>[Stack]<UL><LI>Max Depth = 4<LI>Call Chain = NVIC_Init
</UL>
<BR>[Called By]<UL><LI><a href="#[44]">&gt;&gt;</a>&nbsp;&nbsp;&nbsp;dfu_usart1_interrupt_config
</UL>

<P><STRONG><a name="[4b]"></a>Qflash_Erase_Sector</STRONG> (Thumb, 30 bytes, Stack size 8 bytes, cmt453x_qflash.o(i.Qflash_Erase_Sector))
<BR><BR>[Stack]<UL><LI>Max Depth = 8<LI>Call Chain = Qflash_Erase_Sector
</UL>
<BR>[Called By]<UL><LI><a href="#[49]">&gt;&gt;</a>&nbsp;&nbsp;&nbsp;hp_dfu_boot_force_usart_dfu
</UL>

<P><STRONG><a name="[33]"></a>Qflash_Init</STRONG> (Thumb, 30 bytes, Stack size 8 bytes, cmt453x_qflash.o(i.Qflash_Init))
<BR><BR>[Stack]<UL><LI>Max Depth = 8<LI>Call Chain = Qflash_Init
</UL>
<BR>[Calls]<UL><LI><a href="#[34]">&gt;&gt;</a>&nbsp;&nbsp;&nbsp;__aeabi_memcpy
</UL>
<BR>[Called By]<UL><LI><a href="#[26]">&gt;&gt;</a>&nbsp;&nbsp;&nbsp;main
</UL>

<P><STRONG><a name="[4c]"></a>Qflash_Write</STRONG> (Thumb, 30 bytes, Stack size 8 bytes, cmt453x_qflash.o(i.Qflash_Write))
<BR><BR>[Stack]<UL><LI>Max Depth = 8<LI>Call Chain = Qflash_Write
</UL>
<BR>[Called By]<UL><LI><a href="#[49]">&gt;&gt;</a>&nbsp;&nbsp;&nbsp;hp_dfu_boot_force_usart_dfu
</UL>

<P><STRONG><a name="[3d]"></a>RCC_EnableAPB2PeriphClk</STRONG> (Thumb, 18 bytes, Stack size 0 bytes, cmt453x_rcc.o(i.RCC_EnableAPB2PeriphClk))
<BR><BR>[Called By]<UL><LI><a href="#[3f]">&gt;&gt;</a>&nbsp;&nbsp;&nbsp;dfu_leds_config
<LI><a href="#[3c]">&gt;&gt;</a>&nbsp;&nbsp;&nbsp;dfu_led_on
</UL>

<P><STRONG><a name="[27]"></a>SystemInit</STRONG> (Thumb, 320 bytes, Stack size 32 bytes, system_cmt453x.o(i.SystemInit))
<BR><BR>[Stack]<UL><LI>Max Depth = 376<LI>Call Chain = SystemInit &rArr; SystemTrimValueRead
</UL>
<BR>[Calls]<UL><LI><a href="#[35]">&gt;&gt;</a>&nbsp;&nbsp;&nbsp;SystemTrimValueRead
<LI><a href="#[2e]">&gt;&gt;</a>&nbsp;&nbsp;&nbsp;system_delay_cycles
</UL>
<BR>[Address Reference Count : 1]<UL><LI> startup_cmt453x.o(.text)
</UL>
<P><STRONG><a name="[35]"></a>SystemTrimValueRead</STRONG> (Thumb, 50 bytes, Stack size 344 bytes, system_cmt453x.o(i.SystemTrimValueRead))
<BR><BR>[Stack]<UL><LI>Max Depth = 344<LI>Call Chain = SystemTrimValueRead
</UL>
<BR>[Calls]<UL><LI><a href="#[34]">&gt;&gt;</a>&nbsp;&nbsp;&nbsp;__aeabi_memcpy
</UL>
<BR>[Called By]<UL><LI><a href="#[27]">&gt;&gt;</a>&nbsp;&nbsp;&nbsp;SystemInit
</UL>

<P><STRONG><a name="[22]"></a>USART1_IRQHandler</STRONG> (Thumb, 98 bytes, Stack size 16 bytes, main.o(i.USART1_IRQHandler))
<BR><BR>[Stack]<UL><LI>Max Depth = 40<LI>Call Chain = USART1_IRQHandler &rArr; app_sched_event_put
</UL>
<BR>[Calls]<UL><LI><a href="#[38]">&gt;&gt;</a>&nbsp;&nbsp;&nbsp;__aeabi_memclr4
<LI><a href="#[39]">&gt;&gt;</a>&nbsp;&nbsp;&nbsp;__aeabi_memcpy4
<LI><a href="#[3b]">&gt;&gt;</a>&nbsp;&nbsp;&nbsp;error_handler
<LI><a href="#[3a]">&gt;&gt;</a>&nbsp;&nbsp;&nbsp;app_sched_event_put
<LI><a href="#[37]">&gt;&gt;</a>&nbsp;&nbsp;&nbsp;USART_ReceiveData
<LI><a href="#[36]">&gt;&gt;</a>&nbsp;&nbsp;&nbsp;USART_GetFlagStatus
</UL>
<BR>[Address Reference Count : 1]<UL><LI> startup_cmt453x.o(RESET)
</UL>
<P><STRONG><a name="[46]"></a>USART_ConfigInt</STRONG> (Thumb, 50 bytes, Stack size 4 bytes, cmt453x_usart.o(i.USART_ConfigInt))
<BR><BR>[Stack]<UL><LI>Max Depth = 4<LI>Call Chain = USART_ConfigInt
</UL>
<BR>[Called By]<UL><LI><a href="#[44]">&gt;&gt;</a>&nbsp;&nbsp;&nbsp;dfu_usart1_interrupt_config
</UL>

<P><STRONG><a name="[43]"></a>USART_Enable</STRONG> (Thumb, 22 bytes, Stack size 0 bytes, cmt453x_usart.o(i.USART_Enable))
<BR><BR>[Called By]<UL><LI><a href="#[42]">&gt;&gt;</a>&nbsp;&nbsp;&nbsp;dfu_usart1_enable
</UL>

<P><STRONG><a name="[36]"></a>USART_GetFlagStatus</STRONG> (Thumb, 14 bytes, Stack size 0 bytes, cmt453x_usart.o(i.USART_GetFlagStatus))
<BR><BR>[Called By]<UL><LI><a href="#[47]">&gt;&gt;</a>&nbsp;&nbsp;&nbsp;dfu_usart1_send
<LI><a href="#[22]">&gt;&gt;</a>&nbsp;&nbsp;&nbsp;USART1_IRQHandler
</UL>

<P><STRONG><a name="[37]"></a>USART_ReceiveData</STRONG> (Thumb, 8 bytes, Stack size 0 bytes, cmt453x_usart.o(i.USART_ReceiveData))
<BR><BR>[Called By]<UL><LI><a href="#[22]">&gt;&gt;</a>&nbsp;&nbsp;&nbsp;USART1_IRQHandler
</UL>

<P><STRONG><a name="[48]"></a>USART_SendData</STRONG> (Thumb, 8 bytes, Stack size 0 bytes, cmt453x_usart.o(i.USART_SendData))
<BR><BR>[Called By]<UL><LI><a href="#[47]">&gt;&gt;</a>&nbsp;&nbsp;&nbsp;dfu_usart1_send
</UL>

<P><STRONG><a name="[5c]"></a>__scatterload_copy</STRONG> (Thumb, 14 bytes, Stack size unknown bytes, handlers.o(i.__scatterload_copy), UNUSED)

<P><STRONG><a name="[5d]"></a>__scatterload_null</STRONG> (Thumb, 2 bytes, Stack size unknown bytes, handlers.o(i.__scatterload_null), UNUSED)

<P><STRONG><a name="[5e]"></a>__scatterload_zeroinit</STRONG> (Thumb, 14 bytes, Stack size unknown bytes, handlers.o(i.__scatterload_zeroinit), UNUSED)

<P><STRONG><a name="[3a]"></a>app_sched_event_put</STRONG> (Thumb, 110 bytes, Stack size 24 bytes, hp_scheduler.o(i.app_sched_event_put))
<BR><BR>[Stack]<UL><LI>Max Depth = 24<LI>Call Chain = app_sched_event_put
</UL>
<BR>[Calls]<UL><LI><a href="#[34]">&gt;&gt;</a>&nbsp;&nbsp;&nbsp;__aeabi_memcpy
</UL>
<BR>[Called By]<UL><LI><a href="#[22]">&gt;&gt;</a>&nbsp;&nbsp;&nbsp;USART1_IRQHandler
</UL>

<P><STRONG><a name="[4e]"></a>app_sched_execute</STRONG> (Thumb, 60 bytes, Stack size 8 bytes, hp_scheduler.o(i.app_sched_execute))
<BR><BR>[Stack]<UL><LI>Max Depth = 8<LI>Call Chain = app_sched_execute
</UL>
<BR>[Called By]<UL><LI><a href="#[26]">&gt;&gt;</a>&nbsp;&nbsp;&nbsp;main
</UL>

<P><STRONG><a name="[4d]"></a>app_sched_init</STRONG> (Thumb, 42 bytes, Stack size 4 bytes, hp_scheduler.o(i.app_sched_init))
<BR><BR>[Stack]<UL><LI>Max Depth = 4<LI>Call Chain = app_sched_init
</UL>
<BR>[Called By]<UL><LI><a href="#[26]">&gt;&gt;</a>&nbsp;&nbsp;&nbsp;main
</UL>

<P><STRONG><a name="[4a]"></a>dfu_crc32</STRONG> (Thumb, 136 bytes, Stack size 8 bytes, dfu_crc.o(i.dfu_crc32))
<BR><BR>[Stack]<UL><LI>Max Depth = 8<LI>Call Chain = dfu_crc32
</UL>
<BR>[Called By]<UL><LI><a href="#[49]">&gt;&gt;</a>&nbsp;&nbsp;&nbsp;hp_dfu_boot_force_usart_dfu
</UL>

<P><STRONG><a name="[3c]"></a>dfu_led_on</STRONG> (Thumb, 32 bytes, Stack size 16 bytes, dfu_led.o(i.dfu_led_on))
<BR><BR>[Stack]<UL><LI>Max Depth = 16<LI>Call Chain = dfu_led_on
</UL>
<BR>[Calls]<UL><LI><a href="#[3d]">&gt;&gt;</a>&nbsp;&nbsp;&nbsp;RCC_EnableAPB2PeriphClk
<LI><a href="#[3e]">&gt;&gt;</a>&nbsp;&nbsp;&nbsp;GPIO_SetBits
</UL>
<BR>[Called By]<UL><LI><a href="#[26]">&gt;&gt;</a>&nbsp;&nbsp;&nbsp;main
</UL>

<P><STRONG><a name="[3f]"></a>dfu_leds_config</STRONG> (Thumb, 78 bytes, Stack size 40 bytes, dfu_led.o(i.dfu_leds_config))
<BR><BR>[Stack]<UL><LI>Max Depth = 56<LI>Call Chain = dfu_leds_config &rArr; GPIO_InitPeripheral
</UL>
<BR>[Calls]<UL><LI><a href="#[3d]">&gt;&gt;</a>&nbsp;&nbsp;&nbsp;RCC_EnableAPB2PeriphClk
<LI><a href="#[41]">&gt;&gt;</a>&nbsp;&nbsp;&nbsp;GPIO_ResetBits
<LI><a href="#[40]">&gt;&gt;</a>&nbsp;&nbsp;&nbsp;GPIO_InitPeripheral
</UL>
<BR>[Called By]<UL><LI><a href="#[26]">&gt;&gt;</a>&nbsp;&nbsp;&nbsp;main
</UL>

<P><STRONG><a name="[42]"></a>dfu_usart1_enable</STRONG> (Thumb, 12 bytes, Stack size 8 bytes, dfu_usart.o(i.dfu_usart1_enable))
<BR><BR>[Stack]<UL><LI>Max Depth = 8<LI>Call Chain = dfu_usart1_enable
</UL>
<BR>[Calls]<UL><LI><a href="#[43]">&gt;&gt;</a>&nbsp;&nbsp;&nbsp;USART_Enable
</UL>
<BR>[Called By]<UL><LI><a href="#[26]">&gt;&gt;</a>&nbsp;&nbsp;&nbsp;main
</UL>

<P><STRONG><a name="[44]"></a>dfu_usart1_interrupt_config</STRONG> (Thumb, 34 bytes, Stack size 8 bytes, dfu_usart.o(i.dfu_usart1_interrupt_config))
<BR><BR>[Stack]<UL><LI>Max Depth = 12<LI>Call Chain = dfu_usart1_interrupt_config &rArr; NVIC_Init
</UL>
<BR>[Calls]<UL><LI><a href="#[45]">&gt;&gt;</a>&nbsp;&nbsp;&nbsp;NVIC_Init
<LI><a href="#[46]">&gt;&gt;</a>&nbsp;&nbsp;&nbsp;USART_ConfigInt
</UL>
<BR>[Called By]<UL><LI><a href="#[26]">&gt;&gt;</a>&nbsp;&nbsp;&nbsp;main
</UL>

<P><STRONG><a name="[47]"></a>dfu_usart1_send</STRONG> (Thumb, 42 bytes, Stack size 24 bytes, dfu_usart.o(i.dfu_usart1_send))
<BR><BR>[Stack]<UL><LI>Max Depth = 24<LI>Call Chain = dfu_usart1_send
</UL>
<BR>[Calls]<UL><LI><a href="#[48]">&gt;&gt;</a>&nbsp;&nbsp;&nbsp;USART_SendData
<LI><a href="#[36]">&gt;&gt;</a>&nbsp;&nbsp;&nbsp;USART_GetFlagStatus
</UL>
<BR>[Called By]<UL><LI><a href="#[29]">&gt;&gt;</a>&nbsp;&nbsp;&nbsp;sched_evt
</UL>

<P><STRONG><a name="[3b]"></a>error_handler</STRONG> (Thumb, 28 bytes, Stack size 8 bytes, hp_error.o(i.error_handler))
<BR><BR>[Stack]<UL><LI>Max Depth = 8<LI>Call Chain = error_handler
</UL>
<BR>[Called By]<UL><LI><a href="#[22]">&gt;&gt;</a>&nbsp;&nbsp;&nbsp;USART1_IRQHandler
</UL>

<P><STRONG><a name="[49]"></a>hp_dfu_boot_force_usart_dfu</STRONG> (Thumb, 82 bytes, Stack size 200 bytes, hp_dfu_boot.o(i.hp_dfu_boot_force_usart_dfu))
<BR><BR>[Stack]<UL><LI>Max Depth = 208<LI>Call Chain = hp_dfu_boot_force_usart_dfu &rArr; dfu_crc32
</UL>
<BR>[Calls]<UL><LI><a href="#[39]">&gt;&gt;</a>&nbsp;&nbsp;&nbsp;__aeabi_memcpy4
<LI><a href="#[4a]">&gt;&gt;</a>&nbsp;&nbsp;&nbsp;dfu_crc32
<LI><a href="#[4c]">&gt;&gt;</a>&nbsp;&nbsp;&nbsp;Qflash_Write
<LI><a href="#[4b]">&gt;&gt;</a>&nbsp;&nbsp;&nbsp;Qflash_Erase_Sector
</UL>
<BR>[Called By]<UL><LI><a href="#[29]">&gt;&gt;</a>&nbsp;&nbsp;&nbsp;sched_evt
</UL>

<P><STRONG><a name="[26]"></a>main</STRONG> (Thumb, 80 bytes, Stack size 0 bytes, main.o(i.main))
<BR><BR>[Stack]<UL><LI>Max Depth = 56<LI>Call Chain = main &rArr; dfu_leds_config &rArr; GPIO_InitPeripheral
</UL>
<BR>[Calls]<UL><LI><a href="#[44]">&gt;&gt;</a>&nbsp;&nbsp;&nbsp;dfu_usart1_interrupt_config
<LI><a href="#[42]">&gt;&gt;</a>&nbsp;&nbsp;&nbsp;dfu_usart1_enable
<LI><a href="#[3f]">&gt;&gt;</a>&nbsp;&nbsp;&nbsp;dfu_leds_config
<LI><a href="#[3c]">&gt;&gt;</a>&nbsp;&nbsp;&nbsp;dfu_led_on
<LI><a href="#[4d]">&gt;&gt;</a>&nbsp;&nbsp;&nbsp;app_sched_init
<LI><a href="#[4e]">&gt;&gt;</a>&nbsp;&nbsp;&nbsp;app_sched_execute
<LI><a href="#[33]">&gt;&gt;</a>&nbsp;&nbsp;&nbsp;Qflash_Init
</UL>
<BR>[Address Reference Count : 1]<UL><LI> entry9a.o(.ARM.Collect$$$$0000000B)
</UL><P>
<H3>
Local Symbols
</H3>
<P><STRONG><a name="[29]"></a>sched_evt</STRONG> (Thumb, 172 bytes, Stack size 32 bytes, main.o(i.sched_evt))
<BR><BR>[Stack]<UL><LI>Max Depth = 240<LI>Call Chain = sched_evt &rArr; hp_dfu_boot_force_usart_dfu &rArr; dfu_crc32
</UL>
<BR>[Calls]<UL><LI><a href="#[38]">&gt;&gt;</a>&nbsp;&nbsp;&nbsp;__aeabi_memclr4
<LI><a href="#[34]">&gt;&gt;</a>&nbsp;&nbsp;&nbsp;__aeabi_memcpy
<LI><a href="#[49]">&gt;&gt;</a>&nbsp;&nbsp;&nbsp;hp_dfu_boot_force_usart_dfu
<LI><a href="#[47]">&gt;&gt;</a>&nbsp;&nbsp;&nbsp;dfu_usart1_send
</UL>
<BR>[Address Reference Count : 1]<UL><LI> main.o(i.USART1_IRQHandler)
</UL><P>
<H3>
Undefined Global Symbols
</H3>
<P><STRONG><a name="[2d]"></a>__arm_fini_</STRONG> (Unknown, 0 bytes, Stack size 0 bytes, UNDEFINED)
<BR><BR>[Called By]<UL><LI><a href="#[2c]">&gt;&gt;</a>&nbsp;&nbsp;&nbsp;__rt_lib_shutdown_fini
</UL>
<HR></body></html>
