<html>
<body>
<pre>
<h1>礦ision Build Log</h1>
<h2>Tool Versions:</h2>
IDE-Version: μVision V5.36.0.0
Copyright (C) 2021 ARM Ltd and ARM Germany GmbH. All rights reserved.
License Information: hp hp, hp, LIC=JL28G-VI454-LQN0Q-N6RYY-ZHPER-EK8XY
 
Tool Versions:
Toolchain:       MDK-ARM Plus  Version: 5.36.0.0
Toolchain Path:  C:\Keil_v5\ARM\ARMCC\Bin
C Compiler:      Armcc.exe V5.06 update 7 (build 960)
Assembler:       Armasm.exe V5.06 update 7 (build 960)
Linker/Locator:  ArmLink.exe V5.06 update 7 (build 960)
Library Manager: ArmAr.exe V5.06 update 7 (build 960)
Hex Converter:   FromElf.exe V5.06 update 7 (build 960)
CPU DLL:         SARMCM3.DLL V5.36.0.0
Dialog DLL:      DARMCM1.DLL V1.19.4.0 
<h2>Project:</h2>
D:\product\ble\CMT4531\CMT453x_SDK_V1.3.3_GA\CMT453x_SDK_V1.3.3_GA\projects\cmt453x_EVAL\ble_dfu\app_usart\MDK-ARM\app_usart.uvprojx
Project File Date:  12/09/2024

<h2>Output:</h2>
*** Using Compiler 'V5.06 update 7 (build 960)', folder: 'C:\Keil_v5\ARM\ARMCC\Bin'
Rebuild target 'CMT453x'
assembling startup_cmt453x.s...
compiling cmt453x_pwr.c...
compiling system_cmt453x.c...
compiling cmt453x_crc.c...
compiling misc.c...
compiling cmt453x_gpio.c...
compiling cmt453x_usart.c...
compiling cmt453x_rcc.c...
compiling hp_error.c...
compiling hp_scheduler.c...
compiling main.c...
compiling cmt453x_qflash.c...
compiling dfu_crc.c...
compiling dfu_led.c...
compiling dfu_usart.c...
compiling dfu_delay.c...
compiling hp_dfu_boot.c...
linking...
Program Size: Code=2372 RO-data=2564 RW-data=32 ZI-data=8368  
FromELF: creating hex file...
After Build - User command #1: fromelf --bin --output=.\bin\app_usart.bin .\Objects\app_usart.axf
After Build - User command #2: cmd.exe /C copy .\bin\app_usart.bin ..\..\..\..\..\utilities\dfu\Image\APP2.bin
已复制         1 个文件。
".\Objects\app_usart.axf" - 0 Error(s), 0 Warning(s).

<h2>Software Packages used:</h2>

<h2>Collection of Component include folders:</h2>

<h2>Collection of Component Files used:</h2>
Build Time Elapsed:  00:00:02
</pre>
</body>
</html>
